Microchip MPLAB XC8 Compiler V2.32

Linker command line:

-W-3 --edf=C:\Program Files\Microchip\xc8\v2.32\pic\dat\en_msgs.txt -cn \
  -h+dist/default/production\Intento_3.X.production.sym \
  --cmf=dist/default/production\Intento_3.X.production.cmf -z -Q16F1827 \
  -oC:\Users\migue\AppData\Local\Temp\xcAs2ek.4 --defsym=__MPLAB_BUILD=1 \
  -Mdist/default/production/Intento_3.X.production.map -E1 \
  -ver=XC8 Compiler --acfsm=1493 -ASTACK=02070h-0216Fh -pstack=STACK \
  -ACODE=00h-07FFhx2 -ASTRCODE=00h-0FFFh -ASTRING=00h-0FFhx16 \
  -ACONST=00h-0FFhx16 -AENTRY=00h-0FFhx16 -ACOMMON=070h-07Fh \
  -ABANK0=020h-06Fh -ABANK1=0A0h-0EFh -ABANK2=0120h-016Fh \
  -ABANK3=01A0h-01EFh -ABANK4=0220h-024Fh -ABIGRAM=02000h-0216Fh \
  -ARAM=020h-06Fh,0A0h-0EFh,0120h-016Fh,01A0h-01EFh,0220h-024Fh \
  -AABS1=020h-07Fh,0A0h-0EFh,0120h-016Fh,01A0h-01EFh,0220h-024Fh \
  -ASFR0=00h-01Fh -ASFR1=080h-09Fh -ASFR2=0100h-011Fh -ASFR3=0180h-019Fh \
  -ASFR4=0200h-021Fh -ASFR5=0280h-02EFh -ASFR6=0300h-036Fh \
  -ASFR7=0380h-03EFh -ASFR8=0400h-046Fh -ASFR9=0480h-04EFh \
  -ASFR10=0500h-056Fh -ASFR11=0580h-05EFh -ASFR12=0600h-066Fh \
  -ASFR13=0680h-06EFh -ASFR14=0700h-076Fh -ASFR15=0780h-07EFh \
  -ASFR16=0800h-086Fh -ASFR17=0880h-08EFh -ASFR18=0900h-096Fh \
  -ASFR19=0980h-09EFh -ASFR20=0A00h-0A6Fh -ASFR21=0A80h-0AEFh \
  -ASFR22=0B00h-0B6Fh -ASFR23=0B80h-0BEFh -ASFR24=0C00h-0C6Fh \
  -ASFR25=0C80h-0CEFh -ASFR26=0D00h-0D6Fh -ASFR27=0D80h-0DEFh \
  -ASFR28=0E00h-0E6Fh -ASFR29=0E80h-0EEFh -ASFR30=0F00h-0F6Fh \
  -ASFR31=0F80h-0FEFh -ACONFIG=08007h-08008h -DCONFIG=2 \
  -AIDLOC=08000h-08003h -DIDLOC=2 -AEEDATA=00h-0FFh/0F000h \
  -peeprom_data=EEDATA -DEEDATA=2 -DCODE=2 -DSTRCODE=2 -DSTRING=2 -DCONST=2 \
  -DENTRY=2 -preset_vec=00h,intentry=04h,init,end_init -ppowerup=CODE \
  -pcinit=CODE -pfunctab=ENTRY -k \
  C:\Users\migue\AppData\Local\Temp\xcAs2ek.o \
  dist/default/production\Intento_3.X.production.o 

Object code version is 3.11

Machine type is 16F1827



                Name                               Link     Load   Length Selector   Space Scale
C:\Users\migue\AppData\Local\Temp\xcAs2ek.o
                end_init                             28       28        2        8       0
                reset_vec                             0        0        2        0       0
                config                             8007     8007        2        0       4
dist/default/production\Intento_3.X.production.o
                cinit                                2A       2A       15        8       0
                intentry                              4        4       24        8       0
                config                             8007     8007        2        0       4
                text41                              E92      E92        6     1D24       0
                text40                              EE4      EE4        D     1DC8       0
                text39                                2        2        1        0       0
                text38                              EFE      EFE        E     1DFC       0
                text37                                3        3        1        6       0
                text36                              E98      E98        6     1D30       0
                text35                              EF1      EF1        D     1DE2       0
                text34                              E9E      E9E        6     1D3C       0
                text32                              E88      E88        3     1D10       0
                text31                              715      715       3F        8       0
                text30                              551      551       91        8       0
                text29                              7CE      7CE       2D        8       0
                text28                              296      296      12E        8       0
                text27                              FA7      FA7       24     1F4E       0
                text26                               3F       3F      257        8       0
                text25                              5E2      5E2       75        8       0
                text24                              4A4      4A4       AD        8       0
                text23                              791      791       3D        8       0
                text22                              754      754       3D        8       0
                text21                              FCB      FCB       35     1F96       0
                text20                              6B7      6B7       5E        8       0
                text19                              EC4      EC4        A     1D88       0
                text18                              F0C      F0C        F     1E18       0
                text17                              7FB      7FB        5        8       0
                text16                              F1B      F1B       10     1E36       0
                text15                              EA4      EA4        6     1D48       0
                text14                              EAA      EAA        6     1D54       0
                text13                              EB0      EB0        6     1D60       0
                text12                              F85      F85       22     1F0A       0
                text11                              ED8      ED8        C     1DB0       0
                text10                              F51      F51       16     1EA2       0
                text9                               EB6      EB6        6     1D6C       0
                text8                               F2B      F2B       13     1E56       0
                text7                               E8E      E8E        4     1D1C       0
                text6                               F3E      F3E       13     1E7C       0
                text5                               E8B      E8B        3     1D16       0
                text4                               ECE      ECE        A     1D9C       0
                text3                               EBC      EBC        8     1D78       0
                text2                               F67      F67       1E     1ECE       0
                text1                               657      657       60        8       0
                maintext                            3C4      3C4       E0        8       0
                cstackBANK0                          20       20       3B       20       1
                cstackCOMMON                         70       70        8       70       1
                cstackBANK1                          A0       A0       1C       A0       1
                bssBANK1                             BC       BC        4       A0       1
                bssBANK0                             5B       5B        8       20       1
                bssCOMMON                            78       78        3       70       1

TOTAL           Name                               Link     Load   Length     Space
        CLASS   STACK          

        CLASS   CODE           
                end_init                             28       28        2         0
                cinit                                2A       2A       15         0
                intentry                              4        4       24         0
                reset_vec                             0        0        2         0
                text41                              E92      E92        6         0
                text40                              EE4      EE4        D         0
                text39                                2        2        1         0
                text38                              EFE      EFE        E         0
                text37                                3        3        1         0
                text36                              E98      E98        6         0
                text35                              EF1      EF1        D         0
                text34                              E9E      E9E        6         0
                text32                              E88      E88        3         0
                text31                              715      715       3F         0
                text30                              551      551       91         0
                text29                              7CE      7CE       2D         0
                text28                              296      296      12E         0
                text27                              FA7      FA7       24         0
                text26                               3F       3F      257         0
                text25                              5E2      5E2       75         0
                text24                              4A4      4A4       AD         0
                text23                              791      791       3D         0
                text22                              754      754       3D         0
                text21                              FCB      FCB       35         0
                text20                              6B7      6B7       5E         0
                text19                              EC4      EC4        A         0
                text18                              F0C      F0C        F         0
                text17                              7FB      7FB        5         0
                text16                              F1B      F1B       10         0
                text15                              EA4      EA4        6         0
                text14                              EAA      EAA        6         0
                text13                              EB0      EB0        6         0
                text12                              F85      F85       22         0
                text11                              ED8      ED8        C         0
                text10                              F51      F51       16         0
                text9                               EB6      EB6        6         0
                text8                               F2B      F2B       13         0
                text7                               E8E      E8E        4         0
                text6                               F3E      F3E       13         0
                text5                               E8B      E8B        3         0
                text4                               ECE      ECE        A         0
                text3                               EBC      EBC        8         0
                text2                               F67      F67       1E         0
                text1                               657      657       60         0
                maintext                            3C4      3C4       E0         0

        CLASS   STRCODE        

        CLASS   STRING         

        CLASS   CONST          

        CLASS   ENTRY          

        CLASS   COMMON         
                cstackCOMMON                         70       70        8         1
                bssCOMMON                            78       78        3         1

        CLASS   BANK0          
                cstackBANK0                          20       20       3B         1
                bssBANK0                             5B       5B        8         1

        CLASS   BANK1          
                cstackBANK1                          A0       A0       1C         1
                bssBANK1                             BC       BC        4         1

        CLASS   BANK2          

        CLASS   BANK3          

        CLASS   BANK4          

        CLASS   BIGRAM         

        CLASS   RAM            

        CLASS   ABS1           
                abs_s1                               7E       7E        2         1

        CLASS   SFR0           

        CLASS   SFR1           

        CLASS   SFR2           

        CLASS   SFR3           

        CLASS   SFR4           

        CLASS   SFR5           

        CLASS   SFR6           

        CLASS   SFR7           

        CLASS   SFR8           

        CLASS   SFR9           

        CLASS   SFR10          

        CLASS   SFR11          

        CLASS   SFR12          

        CLASS   SFR13          

        CLASS   SFR14          

        CLASS   SFR15          

        CLASS   SFR16          

        CLASS   SFR17          

        CLASS   SFR18          

        CLASS   SFR19          

        CLASS   SFR20          

        CLASS   SFR21          

        CLASS   SFR22          

        CLASS   SFR23          

        CLASS   SFR24          

        CLASS   SFR25          

        CLASS   SFR26          

        CLASS   SFR27          

        CLASS   SFR28          

        CLASS   SFR29          

        CLASS   SFR30          

        CLASS   SFR31          

        CLASS   CONFIG         
                config                             8007     8007        2         4

        CLASS   IDLOC          

        CLASS   EEDATA         

        CLASS   BANK31         

        CLASS   BANK30         

        CLASS   BANK29         

        CLASS   BANK28         

        CLASS   BANK27         

        CLASS   BANK26         

        CLASS   BANK25         

        CLASS   BANK24         

        CLASS   BANK23         

        CLASS   BANK22         

        CLASS   BANK21         

        CLASS   BANK20         

        CLASS   BANK19         

        CLASS   BANK18         

        CLASS   BANK17         

        CLASS   BANK16         

        CLASS   BANK15         

        CLASS   BANK14         

        CLASS   BANK13         

        CLASS   BANK12         

        CLASS   BANK11         

        CLASS   BANK10         

        CLASS   BANK9          

        CLASS   BANK8          

        CLASS   BANK7          

        CLASS   BANK6          

        CLASS   BANK5          



SEGMENTS        Name                           Load    Length   Top    Selector   Space  Class     Delta

                reset_vec                      000000  000003  000003         0       0  CODE        2
                text37                         000003  000001  000004         6       0  CODE        2
                intentry                       000004  0007FC  000800         8       0  CODE        2
                cstackBANK0                    000020  000043  000063        20       1  BANK0       1
                cstackCOMMON                   000070  00000B  00007B        70       1  COMMON      1
                cstackBANK1                    0000A0  000020  0000C0        A0       1  BANK1       1
                text32                         000E88  000003  000E8B      1D10       0  CODE        2
                text5                          000E8B  000003  000E8E      1D16       0  CODE        2
                text7                          000E8E  000004  000E92      1D1C       0  CODE        2
                text41                         000E92  000006  000E98      1D24       0  CODE        2
                text36                         000E98  000006  000E9E      1D30       0  CODE        2
                text34                         000E9E  000006  000EA4      1D3C       0  CODE        2
                text15                         000EA4  000006  000EAA      1D48       0  CODE        2
                text14                         000EAA  000006  000EB0      1D54       0  CODE        2
                text13                         000EB0  000006  000EB6      1D60       0  CODE        2
                text9                          000EB6  000006  000EBC      1D6C       0  CODE        2
                text3                          000EBC  000008  000EC4      1D78       0  CODE        2
                text19                         000EC4  00000A  000ECE      1D88       0  CODE        2
                text4                          000ECE  00000A  000ED8      1D9C       0  CODE        2
                text11                         000ED8  00000C  000EE4      1DB0       0  CODE        2
                text40                         000EE4  00000D  000EF1      1DC8       0  CODE        2
                text35                         000EF1  00000D  000EFE      1DE2       0  CODE        2
                text38                         000EFE  00000E  000F0C      1DFC       0  CODE        2
                text18                         000F0C  00000F  000F1B      1E18       0  CODE        2
                text16                         000F1B  000010  000F2B      1E36       0  CODE        2
                text8                          000F2B  000013  000F3E      1E56       0  CODE        2
                text6                          000F3E  000013  000F51      1E7C       0  CODE        2
                text10                         000F51  000016  000F67      1EA2       0  CODE        2
                text2                          000F67  00001E  000F85      1ECE       0  CODE        2
                text12                         000F85  000022  000FA7      1F0A       0  CODE        2
                text27                         000FA7  000024  000FCB      1F4E       0  CODE        2
                text21                         000FCB  000035  001000      1F96       0  CODE        2


UNUSED ADDRESS RANGES

        Name                Unused          Largest block    Delta
        BANK0            00063-0006F               D           1
        BANK1            000C0-000EF              30           1
        BANK2            00120-0016F              50           1
        BANK3            001A0-001EF              50           1
        BANK4            00220-0024F              30           1
        BIGRAM           02000-0216F             170           1
        CODE             00800-00E87             688           2
        COMMON           0007B-0007D               3           1
        CONST            00800-00E87             100           2
        EEDATA           0F000-0F0FF             100           2
        ENTRY            00800-00E87             100           2
        IDLOC            08000-08003               4           2
        RAM              00063-0006F               D           1
                         000C0-000EF              30
                         00120-0016F              50
                         001A0-001EF              50
                         00220-0024F              30
        SFR0             00000-0001F              20           1
        SFR1             00080-0009F              20           1
        SFR10            00500-0056F              70           1
        SFR11            00580-005EF              70           1
        SFR12            00600-0066F              70           1
        SFR13            00680-006EF              70           1
        SFR14            00700-0076F              70           1
        SFR15            00780-007EF              70           1
        SFR16            00800-0086F              70           1
        SFR17            00880-008EF              70           1
        SFR18            00900-0096F              70           1
        SFR19            00980-009EF              70           1
        SFR2             00100-0011F              20           1
        SFR20            00A00-00A6F              70           1
        SFR21            00A80-00AEF              70           1
        SFR22            00B00-00B6F              70           1
        SFR23            00B80-00BEF              70           1
        SFR24            00C00-00C6F              70           1
        SFR25            00C80-00CEF              70           1
        SFR26            00D00-00D6F              70           1
        SFR27            00D80-00DEF              70           1
        SFR28            00E00-00E6F              70           1
        SFR29            00E80-00EEF              70           1
        SFR3             00180-0019F              20           1
        SFR30            00F00-00F6F              70           1
        SFR31            00F80-00FEF              70           1
        SFR4             00200-0021F              20           1
        SFR5             00280-002EF              70           1
        SFR6             00300-0036F              70           1
        SFR7             00380-003EF              70           1
        SFR8             00400-0046F              70           1
        SFR9             00480-004EF              70           1
        STACK            02070-0216F             100           1
        STRCODE          00800-00E87             688           2
        STRING           00800-00E87             100           2

                                  Symbol Table

?_ADC_GetConversionResult                       cstackCOMMON 00070
?_Ds_Regla_de_3                                 cstackBANK0  0004F
?__Umul8_16                                     cstackCOMMON 00073
?___flmul                                       cstackBANK0  0002A
?___fltol                                       cstackBANK0  00044
?___lwdiv                                       cstackCOMMON 00073
?___lwmod                                       cstackCOMMON 00073
?___xxtofl                                      cstackCOMMON 00073
ADC_SetInterruptHandler@InterruptHandler        cstackCOMMON 00073
Ds_BCD@digito                                   cstackCOMMON 00075
Ds_Encienda_Disp@dispNum                        cstackCOMMON 00075
Ds_Iniciar_displays@d1                          cstackCOMMON 00073
Ds_Iniciar_displays@d2                          cstackCOMMON 00074
Ds_Iniciar_displays@d3                          cstackCOMMON 00075
Ds_Iniciar_displays@dsp                         cstackBANK0  00021
Ds_Iniciar_displays@tA                          cstackCOMMON 00077
Ds_Iniciar_displays@tE                          cstackCOMMON 00076
Ds_Procese_displays@dsp                         cstackBANK0  00020
Ds_Regla_de_3@Leido                             cstackBANK0  0004F
Ds_Regla_de_3@salida                            cstackBANK0  00055
Ds_Regla_de_3@salidaa                           cstackBANK0  00051
Ds_Separar_Digito@Recibido                      cstackBANK0  00023
Ds_Separar_Digito@dsp                           cstackBANK0  00026
EUSART_SetErrorHandler@interruptHandler         cstackCOMMON 00073
EUSART_SetFramingErrorHandler@interruptHandler  cstackCOMMON 00073
EUSART_SetOverrunErrorHandler@interruptHandler  cstackCOMMON 00073
EUSART_Write@txData                             cstackCOMMON 00073
TMR6_SetInterruptHandler@InterruptHandler       cstackCOMMON 00073
Tm_Baje_periodico@ctp                           cstackCOMMON 00074
Tm_Hubo_periodico@ctp                           cstackCOMMON 00073
Tm_Inicie_periodico@ctp                         cstackCOMMON 00076
Tm_Inicie_periodico@periodo                     cstackCOMMON 00073
Tm_Procese_tiempo@ctp                           cstackCOMMON 00077
_ADCON0                                         (abs)        0009D
_ADCON0bits                                     (abs)        0009D
_ADCON1                                         (abs)        0009E
_ADC_DefaultInterruptHandler                    text39       00002
_ADC_GetConversionResult                        text41       00E92
_ADC_ISR                                        text38       00EFE
_ADC_Initialize                                 text16       00F1B
_ADC_InterruptHandler                           bssCOMMON    00078
_ADC_SetInterruptHandler                        text17       007FB
_ADC_StartConversion                            text32       00E88
_ADRESH                                         (abs)        0009C
_ADRESL                                         (abs)        0009B
_ANSELA                                         (abs)        0018C
_ANSELB                                         (abs)        0018D
_APFCON0                                        (abs)        0011D
_APFCON1                                        (abs)        0011E
_BAUDCON                                        (abs)        0019F
_BORCON                                         (abs)        00116
_Bandera_ADC                                    bssBANK1     000BF
_Bandera_Timer                                  bssBANK1     000BE
_Ds_BCD                                         text30       00551
_Ds_Encienda_Disp                               text29       007CE
_Ds_Iniciar_displays                            text31       00715
_Ds_Procese_displays                            text28       00296
_Ds_Regla_de_3                                  text23       00791
_Ds_Separar_Digito                              text20       006B7
_EUSART_DefaultErrorHandler                     (abs)        00000
_EUSART_DefaultFramingErrorHandler              (abs)        00000
_EUSART_DefaultOverrunErrorHandler              (abs)        00000
_EUSART_ErrorHandler                            bssBANK0     0005B
_EUSART_FramingErrorHandler                     bssBANK0     0005F
_EUSART_Initialize                              text12       00F85
_EUSART_OverrunErrorHandler                     bssBANK0     0005D
_EUSART_SetErrorHandler                         text15       00EA4
_EUSART_SetFramingErrorHandler                  text14       00EAA
_EUSART_SetOverrunErrorHandler                  text13       00EB0
_EUSART_Write                                   text19       00EC4
_EUSART_is_tx_ready                             text18       00F0C
_EUSART_is_tx_ready$451                         cstackCOMMON 00073
_Funcion_a_llamar_ADC_Interruciones             text40       00EE4
_Funcion_a_llamar_Timer6_Interruciones          text36       00E98
_INTCONbits                                     (abs)        0000B
_INTERRUPT_InterruptManager                     intentry     00004
_LATA                                           (abs)        0010C
_LATAbits                                       (abs)        0010C
_LATB                                           (abs)        0010D
_LATBbits                                       (abs)        0010D
_OPTION_REGbits                                 (abs)        00095
_OSCCON                                         (abs)        00099
_OSCILLATOR_Initialize                          text11       00ED8
_OSCTUNE                                        (abs)        00098
_PIE1bits                                       (abs)        00091
_PIE3bits                                       (abs)        00093
_PIN_MANAGER_Initialize                         text10       00F51
_PIR1bits                                       (abs)        00011
_PIR3bits                                       (abs)        00013
_PLLR                                           (abs)        004D6
_PR6                                            (abs)        0041D
_RCREG                                          (abs)        00199
_RCSTA                                          (abs)        0019D
_RCSTAbits                                      (abs)        0019D
_SPBRGH                                         (abs)        0019C
_SPBRGL                                         (abs)        0019B
_SYSTEM_Initialize                              text6        00F3E
_T6CON                                          (abs)        0041E
_T6CONbits                                      (abs)        0041E
_TMR6                                           (abs)        0041C
_TMR6_CallBack                                  text35       00EF1
_TMR6_DefaultInterruptHandler                   text37       00003
_TMR6_ISR                                       text34       00E9E
_TMR6_Initialize                                text8        00F2B
_TMR6_InterruptHandler                          bssBANK0     00061
_TMR6_SetInterruptHandler                       text9        00EB6
_TMR6_StartTimer                                text5        00E8B
_TRISA                                          (abs)        0008C
_TRISB                                          (abs)        0008D
_TXREG                                          (abs)        0019A
_TXSTA                                          (abs)        0019E
_TXSTAbits                                      (abs)        0019E
_Tm_Baje_periodico                              text4        00ECE
_Tm_Hubo_periodico                              text3        00EBC
_Tm_Inicie_periodico                            text2        00F67
_Tm_Procese_tiempo                              text1        00657
_Valor_ADC                                      bssBANK1     000BC
_WDTCON                                         (abs)        00097
_WDT_Initialize                                 text7        00E8E
_WPUA                                           (abs)        0020C
_WPUB                                           (abs)        0020D
__Habs1                                         abs1         00000
__Hbank0                                        bank0        00000
__Hbank1                                        bank1        00000
__Hbank10                                       bank10       00000
__Hbank11                                       bank11       00000
__Hbank12                                       bank12       00000
__Hbank13                                       bank13       00000
__Hbank14                                       bank14       00000
__Hbank15                                       bank15       00000
__Hbank16                                       bank16       00000
__Hbank17                                       bank17       00000
__Hbank18                                       bank18       00000
__Hbank19                                       bank19       00000
__Hbank2                                        bank2        00000
__Hbank20                                       bank20       00000
__Hbank21                                       bank21       00000
__Hbank22                                       bank22       00000
__Hbank23                                       bank23       00000
__Hbank24                                       bank24       00000
__Hbank25                                       bank25       00000
__Hbank26                                       bank26       00000
__Hbank27                                       bank27       00000
__Hbank28                                       bank28       00000
__Hbank29                                       bank29       00000
__Hbank3                                        bank3        00000
__Hbank30                                       bank30       00000
__Hbank31                                       bank31       00000
__Hbank4                                        bank4        00000
__Hbank5                                        bank5        00000
__Hbank6                                        bank6        00000
__Hbank7                                        bank7        00000
__Hbank8                                        bank8        00000
__Hbank9                                        bank9        00000
__Hbigram                                       bigram       00000
__HbssBANK0                                     bssBANK0     00000
__HbssBANK1                                     bssBANK1     00000
__HbssCOMMON                                    bssCOMMON    00000
__Hcinit                                        cinit        0003F
__Hclrtext                                      clrtext      00000
__Hcode                                         code         00000
__Hcommon                                       common       00000
__Hconfig                                       config       08009
__HcstackBANK0                                  cstackBANK0  00000
__HcstackBANK1                                  cstackBANK1  00000
__HcstackCOMMON                                 cstackCOMMON 00000
__Heeprom_data                                  eeprom_data  00000
__Hend_init                                     end_init     0002A
__Hfunctab                                      functab      00000
__Hinit                                         init         00028
__Hintentry                                     intentry     00028
__Hmaintext                                     maintext     00000
__Hpowerup                                      powerup      00000
__Hram                                          ram          00000
__Hreset_vec                                    reset_vec    00002
__Hsfr0                                         sfr0         00000
__Hsfr1                                         sfr1         00000
__Hsfr10                                        sfr10        00000
__Hsfr11                                        sfr11        00000
__Hsfr12                                        sfr12        00000
__Hsfr13                                        sfr13        00000
__Hsfr14                                        sfr14        00000
__Hsfr15                                        sfr15        00000
__Hsfr16                                        sfr16        00000
__Hsfr17                                        sfr17        00000
__Hsfr18                                        sfr18        00000
__Hsfr19                                        sfr19        00000
__Hsfr2                                         sfr2         00000
__Hsfr20                                        sfr20        00000
__Hsfr21                                        sfr21        00000
__Hsfr22                                        sfr22        00000
__Hsfr23                                        sfr23        00000
__Hsfr24                                        sfr24        00000
__Hsfr25                                        sfr25        00000
__Hsfr26                                        sfr26        00000
__Hsfr27                                        sfr27        00000
__Hsfr28                                        sfr28        00000
__Hsfr29                                        sfr29        00000
__Hsfr3                                         sfr3         00000
__Hsfr30                                        sfr30        00000
__Hsfr31                                        sfr31        00000
__Hsfr4                                         sfr4         00000
__Hsfr5                                         sfr5         00000
__Hsfr6                                         sfr6         00000
__Hsfr7                                         sfr7         00000
__Hsfr8                                         sfr8         00000
__Hsfr9                                         sfr9         00000
__Hspace_0                                      (abs)        01000
__Hspace_1                                      (abs)        000C0
__Hspace_2                                      (abs)        00000
__Hspace_3                                      (abs)        00000
__Hspace_4                                      (abs)        10010
__Hstack                                        stack        00000
__Hstrings                                      strings      00000
__Htext                                         text         00000
__Labs1                                         abs1         00000
__Lbank0                                        bank0        00000
__Lbank1                                        bank1        00000
__Lbank10                                       bank10       00000
__Lbank11                                       bank11       00000
__Lbank12                                       bank12       00000
__Lbank13                                       bank13       00000
__Lbank14                                       bank14       00000
__Lbank15                                       bank15       00000
__Lbank16                                       bank16       00000
__Lbank17                                       bank17       00000
__Lbank18                                       bank18       00000
__Lbank19                                       bank19       00000
__Lbank2                                        bank2        00000
__Lbank20                                       bank20       00000
__Lbank21                                       bank21       00000
__Lbank22                                       bank22       00000
__Lbank23                                       bank23       00000
__Lbank24                                       bank24       00000
__Lbank25                                       bank25       00000
__Lbank26                                       bank26       00000
__Lbank27                                       bank27       00000
__Lbank28                                       bank28       00000
__Lbank29                                       bank29       00000
__Lbank3                                        bank3        00000
__Lbank30                                       bank30       00000
__Lbank31                                       bank31       00000
__Lbank4                                        bank4        00000
__Lbank5                                        bank5        00000
__Lbank6                                        bank6        00000
__Lbank7                                        bank7        00000
__Lbank8                                        bank8        00000
__Lbank9                                        bank9        00000
__Lbigram                                       bigram       00000
__LbssBANK0                                     bssBANK0     00000
__LbssBANK1                                     bssBANK1     00000
__LbssCOMMON                                    bssCOMMON    00000
__Lcinit                                        cinit        0002A
__Lclrtext                                      clrtext      00000
__Lcode                                         code         00000
__Lcommon                                       common       00000
__Lconfig                                       config       00000
__LcstackBANK0                                  cstackBANK0  00000
__LcstackBANK1                                  cstackBANK1  00000
__LcstackCOMMON                                 cstackCOMMON 00000
__Leeprom_data                                  eeprom_data  00000
__Lend_init                                     end_init     00028
__Lfunctab                                      functab      00000
__Linit                                         init         00028
__Lintentry                                     intentry     00004
__Lmaintext                                     maintext     00000
__Lpowerup                                      powerup      00000
__Lram                                          ram          00000
__Lreset_vec                                    reset_vec    00000
__Lsfr0                                         sfr0         00000
__Lsfr1                                         sfr1         00000
__Lsfr10                                        sfr10        00000
__Lsfr11                                        sfr11        00000
__Lsfr12                                        sfr12        00000
__Lsfr13                                        sfr13        00000
__Lsfr14                                        sfr14        00000
__Lsfr15                                        sfr15        00000
__Lsfr16                                        sfr16        00000
__Lsfr17                                        sfr17        00000
__Lsfr18                                        sfr18        00000
__Lsfr19                                        sfr19        00000
__Lsfr2                                         sfr2         00000
__Lsfr20                                        sfr20        00000
__Lsfr21                                        sfr21        00000
__Lsfr22                                        sfr22        00000
__Lsfr23                                        sfr23        00000
__Lsfr24                                        sfr24        00000
__Lsfr25                                        sfr25        00000
__Lsfr26                                        sfr26        00000
__Lsfr27                                        sfr27        00000
__Lsfr28                                        sfr28        00000
__Lsfr29                                        sfr29        00000
__Lsfr3                                         sfr3         00000
__Lsfr30                                        sfr30        00000
__Lsfr31                                        sfr31        00000
__Lsfr4                                         sfr4         00000
__Lsfr5                                         sfr5         00000
__Lsfr6                                         sfr6         00000
__Lsfr7                                         sfr7         00000
__Lsfr8                                         sfr8         00000
__Lsfr9                                         sfr9         00000
__Lspace_0                                      (abs)        00000
__Lspace_1                                      (abs)        00000
__Lspace_2                                      (abs)        00000
__Lspace_3                                      (abs)        00000
__Lspace_4                                      (abs)        00000
__Lstack                                        stack        00000
__Lstrings                                      strings      00000
__Ltext                                         text         00000
__S0                                            (abs)        01000
__S1                                            (abs)        000C0
__S2                                            (abs)        00000
__S3                                            (abs)        00000
__Umul8_16                                      text27       00FA7
__Umul8_16@multiplicand                         cstackCOMMON 00073
__Umul8_16@multiplier                           cstackBANK0  00024
__Umul8_16@product                              cstackBANK0  00020
__Umul8_16@word_mpld                            cstackBANK0  00022
___flmul                                        text26       0003F
___flmul@a                                      cstackBANK0  0002E
___flmul@aexp                                   cstackBANK0  0003C
___flmul@b                                      cstackBANK0  0002A
___flmul@bexp                                   cstackBANK0  0003D
___flmul@grs                                    cstackBANK0  00038
___flmul@prod                                   cstackBANK0  0003E
___flmul@sign                                   cstackBANK0  00037
___flmul@temp                                   cstackBANK0  00042
___fltol                                        text25       005E2
___fltol@exp1                                   cstackBANK0  0004E
___fltol@f1                                     cstackBANK0  00044
___fltol@sign1                                  cstackBANK0  0004D
___int_sp                                       stack        00000
___latbits                                      (abs)        00001
___lwdiv                                        text22       00754
___lwdiv@counter                                cstackBANK0  00020
___lwdiv@dividend                               cstackCOMMON 00075
___lwdiv@divisor                                cstackCOMMON 00073
___lwdiv@quotient                               cstackBANK0  00021
___lwmod                                        text21       00FCB
___lwmod@counter                                cstackBANK0  00020
___lwmod@dividend                               cstackCOMMON 00075
___lwmod@divisor                                cstackCOMMON 00073
___sp                                           stack        00000
___stackhi                                      (abs)        0216F
___stacklo                                      (abs)        02070
___xxtofl                                       text24       004A4
___xxtofl@arg                                   cstackBANK0  00026
___xxtofl@exp                                   cstackBANK0  00025
___xxtofl@sign                                  cstackBANK0  00024
___xxtofl@val                                   cstackCOMMON 00073
__end_of_ADC_DefaultInterruptHandler            text39       00003
__end_of_ADC_GetConversionResult                text41       00E98
__end_of_ADC_ISR                                text38       00F0C
__end_of_ADC_Initialize                         text16       00F2B
__end_of_ADC_SetInterruptHandler                text17       00800
__end_of_ADC_StartConversion                    text32       00E8B
__end_of_Ds_BCD                                 text30       005E2
__end_of_Ds_Encienda_Disp                       text29       007FB
__end_of_Ds_Iniciar_displays                    text31       00754
__end_of_Ds_Procese_displays                    text28       003C4
__end_of_Ds_Regla_de_3                          text23       007CE
__end_of_Ds_Separar_Digito                      text20       00715
__end_of_EUSART_Initialize                      text12       00FA7
__end_of_EUSART_SetErrorHandler                 text15       00EAA
__end_of_EUSART_SetFramingErrorHandler          text14       00EB0
__end_of_EUSART_SetOverrunErrorHandler          text13       00EB6
__end_of_EUSART_Write                           text19       00ECE
__end_of_EUSART_is_tx_ready                     text18       00F1B
__end_of_Funcion_a_llamar_ADC_Interruciones     text40       00EF1
__end_of_Funcion_a_llamar_Timer6_Interruciones  text36       00E9E
__end_of_INTERRUPT_InterruptManager             intentry     00028
__end_of_OSCILLATOR_Initialize                  text11       00EE4
__end_of_PIN_MANAGER_Initialize                 text10       00F67
__end_of_SYSTEM_Initialize                      text6        00F51
__end_of_TMR6_CallBack                          text35       00EFE
__end_of_TMR6_DefaultInterruptHandler           text37       00004
__end_of_TMR6_ISR                               text34       00EA4
__end_of_TMR6_Initialize                        text8        00F3E
__end_of_TMR6_SetInterruptHandler               text9        00EBC
__end_of_TMR6_StartTimer                        text5        00E8E
__end_of_Tm_Baje_periodico                      text4        00ED8
__end_of_Tm_Hubo_periodico                      text3        00EC4
__end_of_Tm_Inicie_periodico                    text2        00F85
__end_of_Tm_Procese_tiempo                      text1        006B7
__end_of_WDT_Initialize                         text7        00E92
__end_of__Umul8_16                              text27       00FCB
__end_of___flmul                                text26       00296
__end_of___fltol                                text25       00657
__end_of___lwdiv                                text22       00791
__end_of___lwmod                                text21       01000
__end_of___xxtofl                               text24       00551
__end_of__initialization                        cinit        0003B
__end_of_main                                   maintext     004A4
__initialization                                cinit        0002A
__pbssBANK0                                     bssBANK0     0005B
__pbssBANK1                                     bssBANK1     000BC
__pbssCOMMON                                    bssCOMMON    00078
__pcstackBANK0                                  cstackBANK0  00020
__pcstackBANK1                                  cstackBANK1  000A0
__pcstackCOMMON                                 cstackCOMMON 00070
__pintentry                                     intentry     00004
__pmaintext                                     maintext     003C4
__ptext1                                        text1        00657
__ptext10                                       text10       00F51
__ptext11                                       text11       00ED8
__ptext12                                       text12       00F85
__ptext13                                       text13       00EB0
__ptext14                                       text14       00EAA
__ptext15                                       text15       00EA4
__ptext16                                       text16       00F1B
__ptext17                                       text17       007FB
__ptext18                                       text18       00F0C
__ptext19                                       text19       00EC4
__ptext2                                        text2        00F67
__ptext20                                       text20       006B7
__ptext21                                       text21       00FCB
__ptext22                                       text22       00754
__ptext23                                       text23       00791
__ptext24                                       text24       004A4
__ptext25                                       text25       005E2
__ptext26                                       text26       0003F
__ptext27                                       text27       00FA7
__ptext28                                       text28       00296
__ptext29                                       text29       007CE
__ptext3                                        text3        00EBC
__ptext30                                       text30       00551
__ptext31                                       text31       00715
__ptext32                                       text32       00E88
__ptext34                                       text34       00E9E
__ptext35                                       text35       00EF1
__ptext36                                       text36       00E98
__ptext37                                       text37       00003
__ptext38                                       text38       00EFE
__ptext39                                       text39       00002
__ptext4                                        text4        00ECE
__ptext40                                       text40       00EE4
__ptext41                                       text41       00E92
__ptext5                                        text5        00E8B
__ptext6                                        text6        00F3E
__ptext7                                        text7        00E8E
__ptext8                                        text8        00F2B
__ptext9                                        text9        00EB6
__size_of_ADC_DefaultInterruptHandler           (abs)        00000
__size_of_ADC_GetConversionResult               (abs)        00000
__size_of_ADC_ISR                               (abs)        00000
__size_of_ADC_Initialize                        (abs)        00000
__size_of_ADC_SetInterruptHandler               (abs)        00000
__size_of_ADC_StartConversion                   (abs)        00000
__size_of_Ds_BCD                                (abs)        00000
__size_of_Ds_Encienda_Disp                      (abs)        00000
__size_of_Ds_Iniciar_displays                   (abs)        00000
__size_of_Ds_Procese_displays                   (abs)        00000
__size_of_Ds_Regla_de_3                         (abs)        00000
__size_of_Ds_Separar_Digito                     (abs)        00000
__size_of_EUSART_Initialize                     (abs)        00000
__size_of_EUSART_SetErrorHandler                (abs)        00000
__size_of_EUSART_SetFramingErrorHandler         (abs)        00000
__size_of_EUSART_SetOverrunErrorHandler         (abs)        00000
__size_of_EUSART_Write                          (abs)        00000
__size_of_EUSART_is_tx_ready                    (abs)        00000
__size_of_Funcion_a_llamar_ADC_Interruciones    (abs)        00000
__size_of_Funcion_a_llamar_Timer6_Interruciones (abs)        00000
__size_of_INTERRUPT_InterruptManager            (abs)        00000
__size_of_OSCILLATOR_Initialize                 (abs)        00000
__size_of_PIN_MANAGER_Initialize                (abs)        00000
__size_of_SYSTEM_Initialize                     (abs)        00000
__size_of_TMR6_CallBack                         (abs)        00000
__size_of_TMR6_DefaultInterruptHandler          (abs)        00000
__size_of_TMR6_ISR                              (abs)        00000
__size_of_TMR6_Initialize                       (abs)        00000
__size_of_TMR6_SetInterruptHandler              (abs)        00000
__size_of_TMR6_StartTimer                       (abs)        00000
__size_of_Tm_Baje_periodico                     (abs)        00000
__size_of_Tm_Hubo_periodico                     (abs)        00000
__size_of_Tm_Inicie_periodico                   (abs)        00000
__size_of_Tm_Procese_tiempo                     (abs)        00000
__size_of_WDT_Initialize                        (abs)        00000
__size_of__Umul8_16                             (abs)        00000
__size_of___flmul                               (abs)        00000
__size_of___fltol                               (abs)        00000
__size_of___lwdiv                               (abs)        00000
__size_of___lwmod                               (abs)        00000
__size_of___xxtofl                              (abs)        00000
__size_of_main                                  (abs)        00000
_eusartRxLastError                              bssCOMMON    0007A
_main                                           maintext     003C4
btemp                                           (abs)        0007E
end_of_initialization                           cinit        0003B
int$flags                                       (abs)        0007E
intlevel0                                       functab      00000
intlevel1                                       functab      00000
intlevel2                                       functab      00000
intlevel3                                       functab      00000
intlevel4                                       functab      00000
intlevel5                                       functab      00000
main@ADC_Value                                  cstackBANK1  000A0
main@My_Display                                 cstackBANK1  000B4
main@My_Per_1000ms                              cstackBANK1  000AB
main@Pack                                       cstackBANK1  000A5
main@Valor_Convertido                           cstackBANK1  000A2
main@enviar                                     cstackBANK1  000A4
reset_vec                                       reset_vec    00000
start                                           init         00028
start_initialization                            cinit        0002A
wtemp0                                          (abs)        0007E


MODULE INFORMATION

Module		Function		Class		Link	Load	Size
mcc_generated_files/tmr6.c
		_TMR6_CallBack 		CODE           	0EF1	0000	13
		_TMR6_StartTimer		CODE           	0E8B	0000	3
		_TMR6_ISR      		CODE           	0E9E	0000	6
		_TMR6_Initialize		CODE           	0F2B	0000	19
		_TMR6_SetInterruptHandler		CODE           	0EB6	0000	6
		_TMR6_DefaultInterruptHandler		CODE           	0003	0000	1

mcc_generated_files/tmr6.c estimated size: 48

mcc_generated_files/interrupt_manager.c
		_INTERRUPT_InterruptManager		CODE           	0004	0000	36

mcc_generated_files/interrupt_manager.c estimated size: 36

mcc_generated_files/pin_manager.c
		_PIN_MANAGER_Initialize		CODE           	0F51	0000	22

mcc_generated_files/pin_manager.c estimated size: 22

C:\Program Files\Microchip\xc8\v2.32\pic\sources\c99\common\lwmod.c
		___lwmod       		CODE           	0FCB	0000	53

C:\Program Files\Microchip\xc8\v2.32\pic\sources\c99\common\lwmod.c estimated size: 53

mcc_generated_files/adc.c
		_ADC_DefaultInterruptHandler		CODE           	0002	0000	1
		_ADC_Initialize		CODE           	0F1B	0000	16
		_ADC_SetInterruptHandler		CODE           	07FB	0000	5
		_ADC_GetConversionResult		CODE           	0E92	0000	6
		_ADC_StartConversion		CODE           	0E88	0000	3
		_ADC_ISR       		CODE           	0EFE	0000	14

mcc_generated_files/adc.c estimated size: 45

nuestrostimers.c
		_Tm_Hubo_periodico		CODE           	0EBC	0000	8
		_Tm_Procese_tiempo		CODE           	0657	0000	96
		_Tm_Inicie_periodico		CODE           	0F67	0000	30
		_Tm_Baje_periodico		CODE           	0ECE	0000	10

nuestrostimers.c estimated size: 144

shared
		__initialization		CODE           	002A	0000	17

shared estimated size: 17

C:\Program Files\Microchip\xc8\v2.32\pic\sources\c99\common\sprcmul.c
		___flmul       		CODE           	003F	0000	599

C:\Program Files\Microchip\xc8\v2.32\pic\sources\c99\common\sprcmul.c estimated size: 599

mcc_generated_files/mcc.c
		_WDT_Initialize		CODE           	0E8E	0000	4
		_OSCILLATOR_Initialize		CODE           	0ED8	0000	12
		_SYSTEM_Initialize		CODE           	0F3E	0000	19

mcc_generated_files/mcc.c estimated size: 35

C:\Program Files\Microchip\xc8\v2.32\pic\sources\c99\common\Umul8_16.c
		__Umul8_16     		CODE           	0FA7	0000	36

C:\Program Files\Microchip\xc8\v2.32\pic\sources\c99\common\Umul8_16.c estimated size: 36

C:\Program Files\Microchip\xc8\v2.32\pic\sources\c99\common\lwdiv.c
		___lwdiv       		CODE           	0754	0000	61

C:\Program Files\Microchip\xc8\v2.32\pic\sources\c99\common\lwdiv.c estimated size: 61

C:\Program Files\Microchip\xc8\v2.32\pic\sources\c99\common\fltol.c
		___fltol       		CODE           	05E2	0000	117

C:\Program Files\Microchip\xc8\v2.32\pic\sources\c99\common\fltol.c estimated size: 117

C:\Program Files\Microchip\xc8\v2.32\pic\sources\c99\common\xxtofl.c
		___xxtofl      		CODE           	04A4	0000	173

C:\Program Files\Microchip\xc8\v2.32\pic\sources\c99\common\xxtofl.c estimated size: 173

mcc_generated_files/eusart.c
		_EUSART_Write  		CODE           	0EC4	0000	10
		_EUSART_Initialize		CODE           	0F85	0000	34
		_EUSART_SetFramingErrorHandler		CODE           	0EAA	0000	6
		_EUSART_SetErrorHandler		CODE           	0EA4	0000	6
		_EUSART_SetOverrunErrorHandler		CODE           	0EB0	0000	6
		_EUSART_is_tx_ready		CODE           	0F0C	0000	15

mcc_generated_files/eusart.c estimated size: 77

main.c
		_main          		CODE           	03C4	0000	224
		_Funcion_a_llamar_ADC_Interruciones		CODE           	0EE4	0000	13
		_Funcion_a_llamar_Timer6_Interruciones		CODE           	0E98	0000	6

main.c estimated size: 243

displays.c
		_Ds_Separar_Digito		CODE           	06B7	0000	94
		_Ds_Iniciar_displays		CODE           	0715	0000	63
		_Ds_Regla_de_3 		CODE           	0791	0000	61
		_Ds_Encienda_Disp		CODE           	07CE	0000	45
		_Ds_Procese_displays		CODE           	0296	0000	302
		_Ds_BCD        		CODE           	0551	0000	145

displays.c estimated size: 710

