Microchip MPLAB XC8 Compiler V2.32

Linker command line:

-W-3 --edf=C:\Program Files\Microchip\xc8\v2.32\pic\dat\en_msgs.txt -cn \
  -h+dist/default/production\Lab2_confg.X.production.sym \
  --cmf=dist/default/production\Lab2_confg.X.production.cmf -z -Q18F46K40 \
  -oC:\Users\marra\AppData\Local\Temp\xcAs3lhs.4 --defsym=__MPLAB_BUILD=1 \
  -Mdist/default/production/Lab2_confg.X.production.map -E1 \
  -ver=XC8 Compiler --acfsm=1493 -ASTACK=060h-0E87h -pstack=STACK \
  -ACODE=00h-0FFFFh -ACONST=00h-0FFFFh -ASMALLCONST=0F00h-0FFFhx241 \
  -AMEDIUMCONST=0F00h-0FFFFh -ACOMRAM=01h-05Fh -AABS1=00h-0E87h \
  -ABIGRAM=01h-0E87h -ARAM=060h-0FFh,0100h-01FFhx13,0E00h-0E87h \
  -ABANK0=060h-0FFh -ABANK1=0100h-01FFh -ABANK2=0200h-02FFh \
  -ABANK3=0300h-03FFh -ABANK4=0400h-04FFh -ABANK5=0500h-05FFh \
  -ABANK6=0600h-06FFh -ABANK7=0700h-07FFh -ABANK8=0800h-08FFh \
  -ABANK9=0900h-09FFh -ABANK10=0A00h-0AFFh -ABANK11=0B00h-0BFFh \
  -ABANK12=0C00h-0CFFh -ABANK13=0D00h-0DFFh -ABANK14=0E00h-0E87h \
  -ASFR=0E8Dh-0EFFh,0F00h-0F5Fh,0F60h-0FFFh -ACONFIG=0300000h-030000Bh \
  -AIDLOC=0200000h-020000Fh -AEEDATA=0310000h-03103FFh -peeprom_data=EEDATA \
  -preset_vec=00h,intcode,intcodelo,powerup,init -pramtop=0F00h \
  -psmallconst=SMALLCONST -pmediumconst=MEDIUMCONST -pconst=CONST \
  -AFARRAM=00h-00h \
  -prdata=COMRAM,nvrram=COMRAM,nvbit=COMRAM,rbss=COMRAM,rbit=COMRAM \
  -pfarbss=FARRAM,fardata=FARRAM,nvFARRAM=FARRAM \
  -pintsave_regs=BIGRAM,bigbss=BIGRAM,bigdata=BIGRAM -pbss=RAM \
  -pidata=CODE,irdata=CODE,ibigdata=CODE,ifardata=CODE -prparam=COMRAM \
  C:\Users\marra\AppData\Local\Temp\xcAs3lhs.o \
  dist/default/production\Lab2_confg.X.production.o 

Object code version is 3.11

Machine type is 18F46K40



                Name                               Link     Load   Length Selector   Space Scale
C:\Users\marra\AppData\Local\Temp\xcAs3lhs.o
                idloc                            200000   200000       10        0       5
                config                           300000   300000        C        0       4
                init                                  0        0        4        0       0
dist/default/production\Lab2_confg.X.production.o
                idloc                            200000   200000       10        0       5
                config                           300000   300000        C        0       4
                text15                             FDB0     FDB0       50     7ED8       0
                text14                             FC46     FC46        A     7E23       0
                text13                             FC50     FC50        A     7E28       0
                text12                             FC5A     FC5A        A     7E2D       0
                text11                             FD2C     FD2C       3E     7E96       0
                text10                             FC94     FC94       18     7E4A       0
                text9                              FE00     FE00       80     7F00       0
                text8                              FCC6     FCC6       1C     7E63       0
                text7                              FCE2     FCE2       1E     7E71       0
                text6                              FCAC     FCAC       1A     7E56       0
                text5                              FD00     FD00       2C     7E80       0
                text4                              FC70     FC70       12     7E38       0
                text3                              FC82     FC82       12     7E41       0
                text2                              FD6A     FD6A       46     7EB5       0
                text1                              FF2E     FF2E       D2     7F97       0
                text0                              FE80     FE80       AE     7F40       0
                cstackCOMRAM                          1        1       10        1       1
                bssCOMRAM                            17       17        1        1       1
                cinit                              FC64     FC64        C     7E32       0
                nvCOMRAM                             11       11        6        1       1

TOTAL           Name                               Link     Load   Length     Space
        CLASS   STACK          

        CLASS   CODE           
                init                                  0        0        4         0
                text15                             FDB0     FDB0       50         0
                text14                             FC46     FC46        A         0
                text13                             FC50     FC50        A         0
                text12                             FC5A     FC5A        A         0
                text11                             FD2C     FD2C       3E         0
                text10                             FC94     FC94       18         0
                text9                              FE00     FE00       80         0
                text8                              FCC6     FCC6       1C         0
                text7                              FCE2     FCE2       1E         0
                text6                              FCAC     FCAC       1A         0
                text5                              FD00     FD00       2C         0
                text4                              FC70     FC70       12         0
                text3                              FC82     FC82       12         0
                text2                              FD6A     FD6A       46         0
                text1                              FF2E     FF2E       D2         0
                text0                              FE80     FE80       AE         0
                cinit                              FC64     FC64        C         0

        CLASS   CONST          

        CLASS   SMALLCONST     

        CLASS   MEDIUMCONST    

        CLASS   COMRAM         
                cstackCOMRAM                          1        1       10         1
                bssCOMRAM                            17       17        1         1
                nvCOMRAM                             11       11        6         1

        CLASS   ABS1           

        CLASS   BIGRAM         

        CLASS   RAM            

        CLASS   BANK0          

        CLASS   BANK1          

        CLASS   BANK2          

        CLASS   BANK3          

        CLASS   BANK4          

        CLASS   BANK5          

        CLASS   BANK6          

        CLASS   BANK7          

        CLASS   BANK8          

        CLASS   BANK9          

        CLASS   BANK10         

        CLASS   BANK11         

        CLASS   BANK12         

        CLASS   BANK13         

        CLASS   BANK14         

        CLASS   SFR            

        CLASS   CONFIG         
                config                           300000   300000        C         4

        CLASS   IDLOC          
                idloc                            200000   200000       10         5

        CLASS   EEDATA         

        CLASS   FARRAM         



SEGMENTS        Name                           Load    Length   Top    Selector   Space  Class

                reset_vec                      000000  000004  000004         0       0  CODE    
                cstackCOMRAM                   000001  000017  000018         1       1  COMRAM  
                text14                         00FC46  00000A  00FC50      7E23       0  CODE    
                text13                         00FC50  00000A  00FC5A      7E28       0  CODE    
                text12                         00FC5A  00000A  00FC64      7E2D       0  CODE    
                cinit                          00FC64  00000C  00FC70      7E32       0  CODE    
                text4                          00FC70  000012  00FC82      7E38       0  CODE    
                text3                          00FC82  000012  00FC94      7E41       0  CODE    
                text10                         00FC94  000018  00FCAC      7E4A       0  CODE    
                text6                          00FCAC  00001A  00FCC6      7E56       0  CODE    
                text8                          00FCC6  00001C  00FCE2      7E63       0  CODE    
                text7                          00FCE2  00001E  00FD00      7E71       0  CODE    
                text5                          00FD00  00002C  00FD2C      7E80       0  CODE    
                text11                         00FD2C  00003E  00FD6A      7E96       0  CODE    
                text2                          00FD6A  000046  00FDB0      7EB5       0  CODE    
                text15                         00FDB0  000050  00FE00      7ED8       0  CODE    
                text9                          00FE00  000080  00FE80      7F00       0  CODE    
                text0                          00FE80  0000AE  00FF2E      7F40       0  CODE    
                text1                          00FF2E  0000D2  010000      7F97       0  CODE    


UNUSED ADDRESS RANGES

        Name                Unused          Largest block    Delta
        BANK0            000060-0000FF               A0
        BANK1            000100-0001FF              100
        BANK10           000A00-000AFF              100
        BANK11           000B00-000BFF              100
        BANK12           000C00-000CFF              100
        BANK13           000D00-000DFF              100
        BANK14           000E00-000E87               88
        BANK2            000200-0002FF              100
        BANK3            000300-0003FF              100
        BANK4            000400-0004FF              100
        BANK5            000500-0005FF              100
        BANK6            000600-0006FF              100
        BANK7            000700-0007FF              100
        BANK8            000800-0008FF              100
        BANK9            000900-0009FF              100
        BIGRAM           000018-000E87              E70
        CODE             000004-00FC45             FC42
        COMRAM           000018-00005F               48
        CONST            000004-00FC45             FC42
        EEDATA           310000-3103FF              400
        MEDIUMCONST      000F00-00FC45             ED46
        RAM              000060-000E87              100
        SFR              000E8D-000FFF               73
        SMALLCONST       000F00-00FC45              100
        STACK            000060-000E87              E28

                                  Symbol Table

EUSART1_SetErrorHandler@interruptHandler        cstackCOMRAM 000001
EUSART1_SetFramingErrorHandler@interruptHandler cstackCOMRAM 000001
EUSART1_SetOverrunErrorHandler@interruptHandler cstackCOMRAM 000001
TMR6_HasOverflowOccured@status                  cstackCOMRAM 000001
Tm_Baje_periodico@ctp                           cstackCOMRAM 000001
Tm_Hubo_periodico@ctp                           cstackCOMRAM 000001
Tm_Inicie_periodico@ctp                         cstackCOMRAM 000001
Tm_Inicie_periodico@periodo                     cstackCOMRAM 000003
Tm_Procese_tiempo@ctp                           cstackCOMRAM 000001
_ADACCH                                         (abs)        000F71
_ADACCL                                         (abs)        000F70
_ADACQ                                          (abs)        000F5C
_ADACT                                          (abs)        000F56
_ADCAP                                          (abs)        000F5D
_ADCC_Initialize                                text15       00FDB0
_ADCLK                                          (abs)        000F57
_ADCNT                                          (abs)        000F67
_ADCON0                                         (abs)        000F60
_ADCON0bits                                     (abs)        000F60
_ADCON1                                         (abs)        000F59
_ADCON1bits                                     (abs)        000F59
_ADCON2                                         (abs)        000F5A
_ADCON2bits                                     (abs)        000F5A
_ADCON3                                         (abs)        000F5B
_ADCON3bits                                     (abs)        000F5B
_ADERRH                                         (abs)        000F6F
_ADERRL                                         (abs)        000F6E
_ADFLTRH                                        (abs)        000F73
_ADFLTRL                                        (abs)        000F72
_ADLTHH                                         (abs)        000F6B
_ADLTHL                                         (abs)        000F6A
_ADPCH                                          (abs)        000F5F
_ADPRE                                          (abs)        000F5E
_ADPREVH                                        (abs)        000F62
_ADPREVL                                        (abs)        000F61
_ADREF                                          (abs)        000F58
_ADRESH                                         (abs)        000F64
_ADRESL                                         (abs)        000F63
_ADRPT                                          (abs)        000F66
_ADSTAT                                         (abs)        000F65
_ADSTATbits                                     (abs)        000F65
_ADSTPTH                                        (abs)        000F69
_ADSTPTL                                        (abs)        000F68
_ADUTHH                                         (abs)        000F6D
_ADUTHL                                         (abs)        000F6C
_ANSELA                                         (abs)        000F11
_ANSELB                                         (abs)        000F19
_ANSELC                                         (abs)        000F21
_ANSELD                                         (abs)        000F26
_ANSELE                                         (abs)        000F2E
_BAUD1CON                                       (abs)        000F9F
_EUSART1_DefaultErrorHandler                    (abs)        000000
_EUSART1_DefaultFramingErrorHandler             (abs)        000000
_EUSART1_DefaultOverrunErrorHandler             (abs)        000000
_EUSART1_ErrorHandler                           nvCOMRAM     000011
_EUSART1_FramingErrorHandler                    nvCOMRAM     000015
_EUSART1_Initialize                             text11       00FD2C
_EUSART1_OverrunErrorHandler                    nvCOMRAM     000013
_EUSART1_SetErrorHandler                        text14       00FC46
_EUSART1_SetFramingErrorHandler                 text13       00FC50
_EUSART1_SetOverrunErrorHandler                 text12       00FC5A
_INLVLA                                         (abs)        000F0D
_INLVLB                                         (abs)        000F15
_INLVLC                                         (abs)        000F1D
_INLVLD                                         (abs)        000F22
_INLVLE                                         (abs)        000F2A
_LATA                                           (abs)        000F83
_LATB                                           (abs)        000F84
_LATC                                           (abs)        000F85
_LATD                                           (abs)        000F86
_LATDbits                                       (abs)        000F86
_LATE                                           (abs)        000F87
_ODCONA                                         (abs)        000F0F
_ODCONB                                         (abs)        000F17
_ODCONC                                         (abs)        000F1F
_ODCOND                                         (abs)        000F24
_ODCONE                                         (abs)        000F2C
_OSCCON1                                        (abs)        000ED8
_OSCCON3                                        (abs)        000EDA
_OSCEN                                          (abs)        000EDC
_OSCFRQ                                         (abs)        000EDE
_OSCILLATOR_Initialize                          text10       00FC94
_OSCTUNE                                        (abs)        000EDD
_PIN_MANAGER_Initialize                         text9        00FE00
_PIR3bits                                       (abs)        000ECD
_PIR4bits                                       (abs)        000ECE
_PMD0                                           (abs)        000EE1
_PMD1                                           (abs)        000EE2
_PMD2                                           (abs)        000EE3
_PMD3                                           (abs)        000EE4
_PMD4                                           (abs)        000EE5
_PMD5                                           (abs)        000EE6
_PMD_Initialize                                 text8        00FCC6
_PR6                                            (abs)        000FB0
_RC1PPS                                         (abs)        000EF8
_RC1REG                                         (abs)        000F99
_RC1STA                                         (abs)        000F9D
_RC1STAbits                                     (abs)        000F9D
_RX1PPS                                         (abs)        000EB5
_SLRCONA                                        (abs)        000F0E
_SLRCONB                                        (abs)        000F16
_SLRCONC                                        (abs)        000F1E
_SLRCOND                                        (abs)        000F23
_SLRCONE                                        (abs)        000F2B
_SP1BRGH                                        (abs)        000F9C
_SP1BRGL                                        (abs)        000F9B
_SYSTEM_Initialize                              text6        00FCAC
_T6CLKCON                                       (abs)        000FB3
_T6CON                                          (abs)        000FB1
_T6CONbits                                      (abs)        000FB1
_T6HLT                                          (abs)        000FB2
_T6HLTbits                                      (abs)        000FB2
_T6PR                                           (abs)        000FB0
_T6RST                                          (abs)        000FB4
_T6RSTbits                                      (abs)        000FB4
_T6TMR                                          (abs)        000FAF
_TMR6                                           (abs)        000FAF
_TMR6_HasOverflowOccured                        text5        00FD00
_TMR6_Initialize                                text7        00FCE2
_TRISA                                          (abs)        000F88
_TRISB                                          (abs)        000F89
_TRISC                                          (abs)        000F8A
_TRISD                                          (abs)        000F8B
_TRISE                                          (abs)        000F8C
_TX1REG                                         (abs)        000F9A
_TX1STA                                         (abs)        000F9E
_TX1STAbits                                     (abs)        000F9E
_Tm_Baje_periodico                              text4        00FC70
_Tm_Hubo_periodico                              text3        00FC82
_Tm_Inicie_periodico                            text2        00FD6A
_Tm_Procese_tiempo                              text1        00FF2E
_WPUA                                           (abs)        000F10
_WPUB                                           (abs)        000F18
_WPUC                                           (abs)        000F20
_WPUD                                           (abs)        000F25
_WPUE                                           (abs)        000F2D
__HRAM                                          (abs)        000000
__Habs1                                         abs1         000000
__Hbank0                                        bank0        000000
__Hbank1                                        bank1        000000
__Hbank10                                       bank10       000000
__Hbank11                                       bank11       000000
__Hbank12                                       bank12       000000
__Hbank13                                       bank13       000000
__Hbank14                                       bank14       000000
__Hbank2                                        bank2        000000
__Hbank3                                        bank3        000000
__Hbank4                                        bank4        000000
__Hbank5                                        bank5        000000
__Hbank6                                        bank6        000000
__Hbank7                                        bank7        000000
__Hbank8                                        bank8        000000
__Hbank9                                        bank9        000000
__Hbigbss                                       bigbss       000000
__Hbigdata                                      bigdata      000000
__Hbigram                                       bigram       000000
__Hbss                                          bss          000000
__HbssCOMRAM                                    bssCOMRAM    000000
__Hcinit                                        cinit        000000
__Hclrtext                                      clrtext      000000
__Hcomram                                       comram       000000
__Hconfig                                       config       30000C
__Hconst                                        const        000000
__HcstackCOMRAM                                 cstackCOMRAM 000000
__Hdata                                         data         000000
__Heeprom_data                                  eeprom_data  000000
__Hfarbss                                       farbss       000000
__Hfardata                                      fardata      000000
__Hibigdata                                     ibigdata     000000
__Hidata                                        idata        000000
__Hidloc                                        idloc        200010
__Hifardata                                     ifardata     000000
__Hinit                                         init         000004
__Hintcode                                      intcode      000000
__Hintcode_body                                 intcode_body 000000
__Hintcodelo                                    intcodelo    000000
__Hintentry                                     intentry     000000
__Hintret                                       intret       000000
__Hintsave_regs                                 intsave_regs 000000
__Hirdata                                       irdata       000000
__Hmediumconst                                  mediumconst  000000
__HnvCOMRAM                                     nvCOMRAM     000000
__HnvFARRAM                                     nvFARRAM     000000
__Hnvbit                                        nvbit        000000
__Hnvrram                                       nvrram       000000
__Hparam                                        rparam       000000
__Hpowerup                                      powerup      000000
__Hram                                          ram          000000
__Hramtop                                       ramtop       000F00
__Hrbit                                         rbit         000000
__Hrbss                                         rbss         000000
__Hrdata                                        rdata        000000
__Hreset_vec                                    reset_vec    000000
__Hrparam                                       rparam       000000
__Hsfr                                          sfr          000000
__Hsmallconst                                   smallconst   000000
__Hspace_0                                      (abs)        010000
__Hspace_1                                      (abs)        000018
__Hspace_2                                      (abs)        000000
__Hspace_4                                      (abs)        60000C
__Hstack                                        stack        000000
__Hstruct                                       struct       000000
__Htemp                                         temp         000000
__Htext                                         text         000000
__Htext0                                        text0        000000
__Htext1                                        text1        000000
__Htext10                                       text10       000000
__Htext11                                       text11       000000
__Htext12                                       text12       000000
__Htext13                                       text13       000000
__Htext14                                       text14       000000
__Htext15                                       text15       000000
__Htext2                                        text2        000000
__Htext3                                        text3        000000
__Htext4                                        text4        000000
__Htext5                                        text5        000000
__Htext6                                        text6        000000
__Htext7                                        text7        000000
__Htext8                                        text8        000000
__Htext9                                        text9        000000
__LRAM                                          (abs)        000001
__Labs1                                         abs1         000000
__Lbank0                                        bank0        000000
__Lbank1                                        bank1        000000
__Lbank10                                       bank10       000000
__Lbank11                                       bank11       000000
__Lbank12                                       bank12       000000
__Lbank13                                       bank13       000000
__Lbank14                                       bank14       000000
__Lbank2                                        bank2        000000
__Lbank3                                        bank3        000000
__Lbank4                                        bank4        000000
__Lbank5                                        bank5        000000
__Lbank6                                        bank6        000000
__Lbank7                                        bank7        000000
__Lbank8                                        bank8        000000
__Lbank9                                        bank9        000000
__Lbigbss                                       bigbss       000000
__Lbigdata                                      bigdata      000000
__Lbigram                                       bigram       000000
__Lbss                                          bss          000000
__LbssCOMRAM                                    bssCOMRAM    000000
__Lcinit                                        cinit        000000
__Lclrtext                                      clrtext      000000
__Lcomram                                       comram       000000
__Lconfig                                       config       000000
__Lconst                                        const        000000
__LcstackCOMRAM                                 cstackCOMRAM 000000
__Ldata                                         data         000000
__Leeprom_data                                  eeprom_data  000000
__Lfarbss                                       farbss       000000
__Lfardata                                      fardata      000000
__Libigdata                                     ibigdata     000000
__Lidata                                        idata        000000
__Lidloc                                        idloc        000000
__Lifardata                                     ifardata     000000
__Linit                                         init         000000
__Lintcode                                      intcode      000000
__Lintcode_body                                 intcode_body 000000
__Lintcodelo                                    intcodelo    000000
__Lintentry                                     intentry     000000
__Lintret                                       intret       000000
__Lintsave_regs                                 intsave_regs 000000
__Lirdata                                       irdata       000000
__Lmediumconst                                  mediumconst  000000
__LnvCOMRAM                                     nvCOMRAM     000000
__LnvFARRAM                                     nvFARRAM     000000
__Lnvbit                                        nvbit        000000
__Lnvrram                                       nvrram       000000
__Lparam                                        rparam       000000
__Lpowerup                                      powerup      000000
__Lram                                          ram          000000
__Lramtop                                       ramtop       000F00
__Lrbit                                         rbit         000000
__Lrbss                                         rbss         000000
__Lrdata                                        rdata        000000
__Lreset_vec                                    reset_vec    000000
__Lrparam                                       rparam       000000
__Lsfr                                          sfr          000000
__Lsmallconst                                   smallconst   000000
__Lspace_0                                      (abs)        000000
__Lspace_1                                      (abs)        000000
__Lspace_2                                      (abs)        000000
__Lspace_4                                      (abs)        000000
__Lstack                                        stack        000000
__Lstruct                                       struct       000000
__Ltemp                                         temp         000000
__Ltext                                         text         000000
__Ltext0                                        text0        000000
__Ltext1                                        text1        000000
__Ltext10                                       text10       000000
__Ltext11                                       text11       000000
__Ltext12                                       text12       000000
__Ltext13                                       text13       000000
__Ltext14                                       text14       000000
__Ltext15                                       text15       000000
__Ltext2                                        text2        000000
__Ltext3                                        text3        000000
__Ltext4                                        text4        000000
__Ltext5                                        text5        000000
__Ltext6                                        text6        000000
__Ltext7                                        text7        000000
__Ltext8                                        text8        000000
__Ltext9                                        text9        000000
__S0                                            (abs)        010000
__S1                                            (abs)        000018
__S2                                            (abs)        000000
__S4                                            (abs)        000000
__S5                                            (abs)        000000
___inthi_sp                                     stack        000000
___intlo_sp                                     stack        000000
___param_bank                                   (abs)        000000
___rparam_used                                  (abs)        000001
___sp                                           stack        000000
__accesstop                                     (abs)        000060
__activetblptr                                  (abs)        000002
__end_of_ADCC_Initialize                        text15       00FE00
__end_of_EUSART1_Initialize                     text11       00FD6A
__end_of_EUSART1_SetErrorHandler                text14       00FC50
__end_of_EUSART1_SetFramingErrorHandler         text13       00FC5A
__end_of_EUSART1_SetOverrunErrorHandler         text12       00FC64
__end_of_OSCILLATOR_Initialize                  text10       00FCAC
__end_of_PIN_MANAGER_Initialize                 text9        00FE80
__end_of_PMD_Initialize                         text8        00FCE2
__end_of_SYSTEM_Initialize                      text6        00FCC6
__end_of_TMR6_HasOverflowOccured                text5        00FD2C
__end_of_TMR6_Initialize                        text7        00FD00
__end_of_Tm_Baje_periodico                      text4        00FC82
__end_of_Tm_Hubo_periodico                      text3        00FC94
__end_of_Tm_Inicie_periodico                    text2        00FDB0
__end_of_Tm_Procese_tiempo                      text1        010000
__end_of__initialization                        cinit        00FC66
__end_of_main                                   text0        00FF2E
__initialization                                cinit        00FC64
__mediumconst                                   mediumconst  000000
__pbssCOMRAM                                    bssCOMRAM    000017
__pcinit                                        cinit        00FC64
__pcstackCOMRAM                                 cstackCOMRAM 000001
__pnvCOMRAM                                     nvCOMRAM     000011
__ptext0                                        text0        00FE80
__ptext1                                        text1        00FF2E
__ptext10                                       text10       00FC94
__ptext11                                       text11       00FD2C
__ptext12                                       text12       00FC5A
__ptext13                                       text13       00FC50
__ptext14                                       text14       00FC46
__ptext15                                       text15       00FDB0
__ptext2                                        text2        00FD6A
__ptext3                                        text3        00FC82
__ptext4                                        text4        00FC70
__ptext5                                        text5        00FD00
__ptext6                                        text6        00FCAC
__ptext7                                        text7        00FCE2
__ptext8                                        text8        00FCC6
__ptext9                                        text9        00FE00
__ramtop                                        ramtop       000F00
__size_of_ADCC_Initialize                       (abs)        000000
__size_of_EUSART1_Initialize                    (abs)        000000
__size_of_EUSART1_SetErrorHandler               (abs)        000000
__size_of_EUSART1_SetFramingErrorHandler        (abs)        000000
__size_of_EUSART1_SetOverrunErrorHandler        (abs)        000000
__size_of_OSCILLATOR_Initialize                 (abs)        000000
__size_of_PIN_MANAGER_Initialize                (abs)        000000
__size_of_PMD_Initialize                        (abs)        000000
__size_of_SYSTEM_Initialize                     (abs)        000000
__size_of_TMR6_HasOverflowOccured               (abs)        000000
__size_of_TMR6_Initialize                       (abs)        000000
__size_of_Tm_Baje_periodico                     (abs)        000000
__size_of_Tm_Hubo_periodico                     (abs)        000000
__size_of_Tm_Inicie_periodico                   (abs)        000000
__size_of_Tm_Procese_tiempo                     (abs)        000000
__size_of_main                                  (abs)        000000
__smallconst                                    smallconst   000000
_eusart1RxLastError                             bssCOMRAM    000017
_main                                           text0        00FE80
end_of_initialization                           cinit        00FC66
intlevel0                                       text         000000
intlevel1                                       text         000000
intlevel2                                       text         000000
intlevel3                                       text         000000
isa$std                                         (abs)        000001
isa$xinst                                       (abs)        000000
main@Mi_timer                                   cstackCOMRAM 000008
stackhi                                         (abs)        000E87
stacklo                                         (abs)        000060
start                                           init         000000
start_initialization                            cinit        00FC64


MODULE INFORMATION

Module		Function		Class		Link	Load	Size
mcc_generated_files/tmr6.c
		_TMR6_HasOverflowOccured		CODE           	FD00	0000	44
		_TMR6_Initialize		CODE           	FCE2	0000	30

mcc_generated_files/tmr6.c estimated size: 74

mcc_generated_files/pin_manager.c
		_PIN_MANAGER_Initialize		CODE           	FE00	0000	128

mcc_generated_files/pin_manager.c estimated size: 128

nuestrostimers.c
		_Tm_Hubo_periodico		CODE           	FC82	0000	18
		_Tm_Procese_tiempo		CODE           	FF2E	0000	210
		_Tm_Inicie_periodico		CODE           	FD6A	0000	70
		_Tm_Baje_periodico		CODE           	FC70	0000	18

nuestrostimers.c estimated size: 316

shared
		__initialization		CODE           	FC64	0000	2

shared estimated size: 2

mcc_generated_files/eusart1.c
		_EUSART1_Initialize		CODE           	FD2C	0000	62
		_EUSART1_SetFramingErrorHandler		CODE           	FC50	0000	10
		_EUSART1_SetOverrunErrorHandler		CODE           	FC5A	0000	10
		_EUSART1_SetErrorHandler		CODE           	FC46	0000	10

mcc_generated_files/eusart1.c estimated size: 92

mcc_generated_files/mcc.c
		_PMD_Initialize		CODE           	FCC6	0000	28
		_OSCILLATOR_Initialize		CODE           	FC94	0000	24
		_SYSTEM_Initialize		CODE           	FCAC	0000	26

mcc_generated_files/mcc.c estimated size: 78

mcc_generated_files/adcc.c
		_ADCC_Initialize		CODE           	FDB0	0000	80

mcc_generated_files/adcc.c estimated size: 80

main.c
		_main          		CODE           	FE80	0000	174

main.c estimated size: 174

