Microchip MPLAB XC8 Compiler V2.31

Linker command line:

-W-3 --edf=C:\Program Files\Microchip\xc8\v2.31\pic\dat\en_msgs.txt -cn \
  -h+dist/default/production\Lab2_confg.X.production.sym \
  --cmf=dist/default/production\Lab2_confg.X.production.cmf -z -Q18F46K40 \
  -oC:\Users\ESTUDI~1\AppData\Local\Temp\sb4g.3 --defsym=__MPLAB_BUILD=1 \
  -Mdist/default/production/Lab2_confg.X.production.map -E1 \
  -ver=XC8 Compiler --acfsm=1493 -ASTACK=060h-0E87h -pstack=STACK \
  -ACODE=00h-0FFFFh -ACONST=00h-0FFFFh -ASMALLCONST=0F00h-0FFFhx241 \
  -AMEDIUMCONST=0F00h-0FFFFh -ACOMRAM=01h-05Fh -AABS1=00h-0E87h \
  -ABIGRAM=01h-0E87h -ARAM=060h-0FFh,0100h-01FFhx13,0E00h-0E87h \
  -ABANK0=060h-0FFh -ABANK1=0100h-01FFh -ABANK2=0200h-02FFh \
  -ABANK3=0300h-03FFh -ABANK4=0400h-04FFh -ABANK5=0500h-05FFh \
  -ABANK6=0600h-06FFh -ABANK7=0700h-07FFh -ABANK8=0800h-08FFh \
  -ABANK9=0900h-09FFh -ABANK10=0A00h-0AFFh -ABANK11=0B00h-0BFFh \
  -ABANK12=0C00h-0CFFh -ABANK13=0D00h-0DFFh -ABANK14=0E00h-0E87h \
  -ASFR=0E8Dh-0EFFh,0F00h-0F5Fh,0F60h-0FFFh -ACONFIG=0300000h-030000Bh \
  -AIDLOC=0200000h-020000Fh -AEEDATA=0310000h-03103FFh -peeprom_data=EEDATA \
  -preset_vec=00h,intcode,intcodelo,powerup,init -pramtop=0F00h \
  -psmallconst=SMALLCONST -pmediumconst=MEDIUMCONST -pconst=CONST \
  -AFARRAM=00h-00h \
  -prdata=COMRAM,nvrram=COMRAM,nvbit=COMRAM,rbss=COMRAM,rbit=COMRAM \
  -pfarbss=FARRAM,fardata=FARRAM,nvFARRAM=FARRAM \
  -pintsave_regs=BIGRAM,bigbss=BIGRAM,bigdata=BIGRAM -pbss=RAM \
  -pidata=CODE,irdata=CODE,ibigdata=CODE,ifardata=CODE -prparam=COMRAM \
  C:\Users\ESTUDI~1\AppData\Local\Temp\sb4g.o \
  dist/default/production\Lab2_confg.X.production.o 

Object code version is 3.11

Machine type is 18F46K40



                Name                               Link     Load   Length Selector   Space Scale
C:\Users\ESTUDI~1\AppData\Local\Temp\sb4g.o
                idloc                            200000   200000       10        0       5
                config                           300000   300000        C        0       4
                init                                  0        0        4        0       0
dist/default/production\Lab2_confg.X.production.o
                idloc                            200000   200000       10        0       5
                config                           300000   300000        C        0       4
                text25                             F238     F238       14     791C       0
                text24                             F24C     F24C       14     7926       0
                text23                             F528     F528       74     7A94       0
                text22                             F4C4     F4C4       64     7A62       0
                text21                             F61E     F61E       E2     7B0F       0
                text20                             F28C     F28C       18     7946       0
                text19                             F260     F260       16     7930       0
                text18                             F336     F336       2A     799B       0
                text17                             F432     F432       42     7A19       0
                text16                             F3B6     F3B6       3E     79DB       0
                text15                             F310     F310       26     7988       0
                text14                             FBE2     FBE2      41E     7DF1       0
                text13                             F360     F360       2A     79B0       0
                text12                             F880     F880      362     7C40       0
                text11                             F474     F474       50     7A3A       0
                text10                             F21A     F21A        A     790D       0
                text9                              F224     F224        A     7912       0
                text8                              F22E     F22E        A     7917       0
                text7                              F3F4     F3F4       3E     79FA       0
                text6                              F2A4     F2A4       18     7952       0
                text5                              F59C     F59C       82     7ACE       0
                text4                              F2D6     F2D6       1C     796B       0
                text3                              F2F2     F2F2       1E     7979       0
                text2                              F2BC     F2BC       1A     795E       0
                text1                              F38A     F38A       2C     79C5       0
                text0                              F700     F700      180     7B80       0
                cstackCOMRAM                          1        1       18        1       1
                bssCOMRAM                            19       19        F        1       1
                cinit                              F276     F276       16     793B       0
                nvCOMRAM                             28       28        6        1       1

TOTAL           Name                               Link     Load   Length     Space
        CLASS   STACK          

        CLASS   CODE           
                init                                  0        0        4         0
                text25                             F238     F238       14         0
                text24                             F24C     F24C       14         0
                text23                             F528     F528       74         0
                text22                             F4C4     F4C4       64         0
                text21                             F61E     F61E       E2         0
                text20                             F28C     F28C       18         0
                text19                             F260     F260       16         0
                text18                             F336     F336       2A         0
                text17                             F432     F432       42         0
                text16                             F3B6     F3B6       3E         0
                text15                             F310     F310       26         0
                text14                             FBE2     FBE2      41E         0
                text13                             F360     F360       2A         0
                text12                             F880     F880      362         0
                text11                             F474     F474       50         0
                text10                             F21A     F21A        A         0
                text9                              F224     F224        A         0
                text8                              F22E     F22E        A         0
                text7                              F3F4     F3F4       3E         0
                text6                              F2A4     F2A4       18         0
                text5                              F59C     F59C       82         0
                text4                              F2D6     F2D6       1C         0
                text3                              F2F2     F2F2       1E         0
                text2                              F2BC     F2BC       1A         0
                text1                              F38A     F38A       2C         0
                text0                              F700     F700      180         0
                cinit                              F276     F276       16         0

        CLASS   CONST          

        CLASS   SMALLCONST     

        CLASS   MEDIUMCONST    

        CLASS   COMRAM         
                cstackCOMRAM                          1        1       18         1
                bssCOMRAM                            19       19        F         1
                nvCOMRAM                             28       28        6         1

        CLASS   ABS1           

        CLASS   BIGRAM         

        CLASS   RAM            

        CLASS   BANK0          

        CLASS   BANK1          

        CLASS   BANK2          

        CLASS   BANK3          

        CLASS   BANK4          

        CLASS   BANK5          

        CLASS   BANK6          

        CLASS   BANK7          

        CLASS   BANK8          

        CLASS   BANK9          

        CLASS   BANK10         

        CLASS   BANK11         

        CLASS   BANK12         

        CLASS   BANK13         

        CLASS   BANK14         

        CLASS   SFR            

        CLASS   CONFIG         
                config                           300000   300000        C         4

        CLASS   IDLOC          
                idloc                            200000   200000       10         5

        CLASS   EEDATA         

        CLASS   FARRAM         



SEGMENTS        Name                           Load    Length   Top    Selector   Space  Class

                reset_vec                      000000  000004  000004         0       0  CODE    
                cstackCOMRAM                   000001  00002D  00002E         1       1  COMRAM  
                text10                         00F21A  00000A  00F224      790D       0  CODE    
                text9                          00F224  00000A  00F22E      7912       0  CODE    
                text8                          00F22E  00000A  00F238      7917       0  CODE    
                text25                         00F238  000014  00F24C      791C       0  CODE    
                text24                         00F24C  000014  00F260      7926       0  CODE    
                text19                         00F260  000016  00F276      7930       0  CODE    
                cinit                          00F276  000016  00F28C      793B       0  CODE    
                text20                         00F28C  000018  00F2A4      7946       0  CODE    
                text6                          00F2A4  000018  00F2BC      7952       0  CODE    
                text2                          00F2BC  00001A  00F2D6      795E       0  CODE    
                text4                          00F2D6  00001C  00F2F2      796B       0  CODE    
                text3                          00F2F2  00001E  00F310      7979       0  CODE    
                text15                         00F310  000026  00F336      7988       0  CODE    
                text18                         00F336  00002A  00F360      799B       0  CODE    
                text13                         00F360  00002A  00F38A      79B0       0  CODE    
                text1                          00F38A  00002C  00F3B6      79C5       0  CODE    
                text16                         00F3B6  00003E  00F3F4      79DB       0  CODE    
                text7                          00F3F4  00003E  00F432      79FA       0  CODE    
                text17                         00F432  000042  00F474      7A19       0  CODE    
                text11                         00F474  000050  00F4C4      7A3A       0  CODE    
                text22                         00F4C4  000064  00F528      7A62       0  CODE    
                text23                         00F528  000074  00F59C      7A94       0  CODE    
                text5                          00F59C  000082  00F61E      7ACE       0  CODE    
                text21                         00F61E  0000E2  00F700      7B0F       0  CODE    
                text0                          00F700  000180  00F880      7B80       0  CODE    
                text12                         00F880  000362  00FBE2      7C40       0  CODE    
                text14                         00FBE2  00041E  010000      7DF1       0  CODE    


UNUSED ADDRESS RANGES

        Name                Unused          Largest block    Delta
        BANK0            000060-0000FF               A0
        BANK1            000100-0001FF              100
        BANK10           000A00-000AFF              100
        BANK11           000B00-000BFF              100
        BANK12           000C00-000CFF              100
        BANK13           000D00-000DFF              100
        BANK14           000E00-000E87               88
        BANK2            000200-0002FF              100
        BANK3            000300-0003FF              100
        BANK4            000400-0004FF              100
        BANK5            000500-0005FF              100
        BANK6            000600-0006FF              100
        BANK7            000700-0007FF              100
        BANK8            000800-0008FF              100
        BANK9            000900-0009FF              100
        BIGRAM           00002E-000E87              E5A
        CODE             000004-00F219             F216
        COMRAM           00002E-00005F               32
        CONST            000004-00F219             F216
        EEDATA           310000-3103FF              400
        MEDIUMCONST      000F00-00F219             E31A
        RAM              000060-000E87              100
        SFR              000E8D-000FFF               73
        SMALLCONST       000F00-00F219              100
        STACK            000060-000E87              E28

                                  Symbol Table

?_ADCC_GetConversionResult                      cstackCOMRAM 000001
?___lwdiv                                       cstackCOMRAM 000001
?___lwmod                                       cstackCOMRAM 000001
?___wmul                                        cstackCOMRAM 000001
Ds_Separar_Digito@datto                         cstackCOMRAM 00000A
Ds_Separar_Digito@dsp                           cstackCOMRAM 000008
EUSART1_SetErrorHandler@interruptHandler        cstackCOMRAM 000001
EUSART1_SetFramingErrorHandler@interruptHandler cstackCOMRAM 000001
EUSART1_SetOverrunErrorHandler@interruptHandler cstackCOMRAM 000001
EUSART1_Write@txData                            cstackCOMRAM 000001
Inicializar_Maquinita@mqnt                      cstackCOMRAM 000001
Inicializar_Paquete@mqnt                        cstackCOMRAM 000001
Procese_UART@mqnt                               cstackCOMRAM 000001
TMR6_HasOverflowOccured@status                  cstackCOMRAM 000001
_ADACCH                                         (abs)        000F71
_ADACCL                                         (abs)        000F70
_ADACQ                                          (abs)        000F5C
_ADACT                                          (abs)        000F56
_ADCAP                                          (abs)        000F5D
_ADCC_GetConversionResult                       text25       00F238
_ADCC_Initialize                                text11       00F474
_ADCC_IsConversionDone                          text24       00F24C
_ADCLK                                          (abs)        000F57
_ADCNT                                          (abs)        000F67
_ADCON0                                         (abs)        000F60
_ADCON0bits                                     (abs)        000F60
_ADCON1                                         (abs)        000F59
_ADCON1bits                                     (abs)        000F59
_ADCON2                                         (abs)        000F5A
_ADCON2bits                                     (abs)        000F5A
_ADCON3                                         (abs)        000F5B
_ADCON3bits                                     (abs)        000F5B
_ADERRH                                         (abs)        000F6F
_ADERRL                                         (abs)        000F6E
_ADFLTRH                                        (abs)        000F73
_ADFLTRL                                        (abs)        000F72
_ADLTHH                                         (abs)        000F6B
_ADLTHL                                         (abs)        000F6A
_ADPCH                                          (abs)        000F5F
_ADPRE                                          (abs)        000F5E
_ADPREVH                                        (abs)        000F62
_ADPREVL                                        (abs)        000F61
_ADREF                                          (abs)        000F58
_ADRESH                                         (abs)        000F64
_ADRESL                                         (abs)        000F63
_ADRPT                                          (abs)        000F66
_ADSTAT                                         (abs)        000F65
_ADSTATbits                                     (abs)        000F65
_ADSTPTH                                        (abs)        000F69
_ADSTPTL                                        (abs)        000F68
_ADUTHH                                         (abs)        000F6D
_ADUTHL                                         (abs)        000F6C
_ANSELA                                         (abs)        000F11
_ANSELB                                         (abs)        000F19
_ANSELC                                         (abs)        000F21
_ANSELD                                         (abs)        000F26
_ANSELE                                         (abs)        000F2E
_BAUD1CON                                       (abs)        000F9F
_Ds_Separar_Digito                              text21       00F61E
_EUSART1_DefaultErrorHandler                    (abs)        000000
_EUSART1_DefaultFramingErrorHandler             (abs)        000000
_EUSART1_DefaultOverrunErrorHandler             (abs)        000000
_EUSART1_ErrorHandler                           nvCOMRAM     000028
_EUSART1_FramingErrorHandler                    nvCOMRAM     00002C
_EUSART1_Initialize                             text7        00F3F4
_EUSART1_OverrunErrorHandler                    nvCOMRAM     00002A
_EUSART1_Read                                   text13       00F360
_EUSART1_SetErrorHandler                        text10       00F21A
_EUSART1_SetFramingErrorHandler                 text9        00F224
_EUSART1_SetOverrunErrorHandler                 text8        00F22E
_EUSART1_Write                                  text20       00F28C
_EUSART1_is_rx_ready                            text19       00F260
_EUSART1_is_tx_ready                            text18       00F336
_EUSART1_is_tx_ready$556                        cstackCOMRAM 000001
_INLVLA                                         (abs)        000F0D
_INLVLB                                         (abs)        000F15
_INLVLC                                         (abs)        000F1D
_INLVLD                                         (abs)        000F22
_INLVLE                                         (abs)        000F2A
_Inicializar_Maquinita                          text17       00F432
_Inicializar_Paquete                            text16       00F3B6
_LATA                                           (abs)        000F83
_LATB                                           (abs)        000F84
_LATBbits                                       (abs)        000F84
_LATC                                           (abs)        000F85
_LATD                                           (abs)        000F86
_LATDbits                                       (abs)        000F86
_LATE                                           (abs)        000F87
_ODCONA                                         (abs)        000F0F
_ODCONB                                         (abs)        000F17
_ODCONC                                         (abs)        000F1F
_ODCOND                                         (abs)        000F24
_ODCONE                                         (abs)        000F2C
_OSCCON1                                        (abs)        000ED8
_OSCCON3                                        (abs)        000EDA
_OSCEN                                          (abs)        000EDC
_OSCFRQ                                         (abs)        000EDE
_OSCILLATOR_Initialize                          text6        00F2A4
_OSCTUNE                                        (abs)        000EDD
_PIN_MANAGER_Initialize                         text5        00F59C
_PIR3bits                                       (abs)        000ECD
_PIR4bits                                       (abs)        000ECE
_PMD0                                           (abs)        000EE1
_PMD1                                           (abs)        000EE2
_PMD2                                           (abs)        000EE3
_PMD3                                           (abs)        000EE4
_PMD4                                           (abs)        000EE5
_PMD5                                           (abs)        000EE6
_PMD_Initialize                                 text4        00F2D6
_PR6                                            (abs)        000FB0
_Procese_Dato_Rebido                            text14       00FBE2
_Procese_UART                                   text12       00F880
_RC1PPS                                         (abs)        000EF8
_RC1REG                                         (abs)        000F99
_RC1STA                                         (abs)        000F9D
_RC1STAbits                                     (abs)        000F9D
_RX1PPS                                         (abs)        000EB5
_SLRCONA                                        (abs)        000F0E
_SLRCONB                                        (abs)        000F16
_SLRCONC                                        (abs)        000F1E
_SLRCOND                                        (abs)        000F23
_SLRCONE                                        (abs)        000F2B
_SP1BRGH                                        (abs)        000F9C
_SP1BRGL                                        (abs)        000F9B
_SYSTEM_Initialize                              text2        00F2BC
_T6CLKCON                                       (abs)        000FB3
_T6CON                                          (abs)        000FB1
_T6CONbits                                      (abs)        000FB1
_T6HLT                                          (abs)        000FB2
_T6HLTbits                                      (abs)        000FB2
_T6PR                                           (abs)        000FB0
_T6RST                                          (abs)        000FB4
_T6RSTbits                                      (abs)        000FB4
_T6TMR                                          (abs)        000FAF
_TMR6                                           (abs)        000FAF
_TMR6_HasOverflowOccured                        text1        00F38A
_TMR6_Initialize                                text3        00F2F2
_TRISA                                          (abs)        000F88
_TRISB                                          (abs)        000F89
_TRISC                                          (abs)        000F8A
_TRISD                                          (abs)        000F8B
_TRISE                                          (abs)        000F8C
_TX1REG                                         (abs)        000F9A
_TX1STA                                         (abs)        000F9E
_TX1STAbits                                     (abs)        000F9E
_Transmision_Completada                         bssCOMRAM    000025
_Transmision_Error                              bssCOMRAM    000026
_V_Recibido                                     bssCOMRAM    000019
_WPUA                                           (abs)        000F10
_WPUB                                           (abs)        000F18
_WPUC                                           (abs)        000F20
_WPUD                                           (abs)        000F25
_WPUE                                           (abs)        000F2D
__HRAM                                          (abs)        000000
__Habs1                                         abs1         000000
__Hbank0                                        bank0        000000
__Hbank1                                        bank1        000000
__Hbank10                                       bank10       000000
__Hbank11                                       bank11       000000
__Hbank12                                       bank12       000000
__Hbank13                                       bank13       000000
__Hbank14                                       bank14       000000
__Hbank2                                        bank2        000000
__Hbank3                                        bank3        000000
__Hbank4                                        bank4        000000
__Hbank5                                        bank5        000000
__Hbank6                                        bank6        000000
__Hbank7                                        bank7        000000
__Hbank8                                        bank8        000000
__Hbank9                                        bank9        000000
__Hbigbss                                       bigbss       000000
__Hbigdata                                      bigdata      000000
__Hbigram                                       bigram       000000
__Hbss                                          bss          000000
__HbssCOMRAM                                    bssCOMRAM    000000
__Hcinit                                        cinit        000000
__Hclrtext                                      clrtext      000000
__Hcomram                                       comram       000000
__Hconfig                                       config       30000C
__Hconst                                        const        000000
__HcstackCOMRAM                                 cstackCOMRAM 000000
__Hdata                                         data         000000
__Heeprom_data                                  eeprom_data  000000
__Hfarbss                                       farbss       000000
__Hfardata                                      fardata      000000
__Hibigdata                                     ibigdata     000000
__Hidata                                        idata        000000
__Hidloc                                        idloc        200010
__Hifardata                                     ifardata     000000
__Hinit                                         init         000004
__Hintcode                                      intcode      000000
__Hintcode_body                                 intcode_body 000000
__Hintcodelo                                    intcodelo    000000
__Hintentry                                     intentry     000000
__Hintret                                       intret       000000
__Hintsave_regs                                 intsave_regs 000000
__Hirdata                                       irdata       000000
__Hmediumconst                                  mediumconst  000000
__HnvCOMRAM                                     nvCOMRAM     000000
__HnvFARRAM                                     nvFARRAM     000000
__Hnvbit                                        nvbit        000000
__Hnvrram                                       nvrram       000000
__Hparam                                        rparam       000000
__Hpowerup                                      powerup      000000
__Hram                                          ram          000000
__Hramtop                                       ramtop       000F00
__Hrbit                                         rbit         000000
__Hrbss                                         rbss         000000
__Hrdata                                        rdata        000000
__Hreset_vec                                    reset_vec    000000
__Hrparam                                       rparam       000000
__Hsfr                                          sfr          000000
__Hsmallconst                                   smallconst   000000
__Hspace_0                                      (abs)        010000
__Hspace_1                                      (abs)        00002E
__Hspace_2                                      (abs)        000000
__Hspace_4                                      (abs)        60000C
__Hstack                                        stack        000000
__Hstruct                                       struct       000000
__Htemp                                         temp         000000
__Htext                                         text         000000
__Htext0                                        text0        000000
__Htext1                                        text1        000000
__Htext10                                       text10       000000
__Htext11                                       text11       000000
__Htext12                                       text12       000000
__Htext13                                       text13       000000
__Htext14                                       text14       000000
__Htext15                                       text15       000000
__Htext16                                       text16       000000
__Htext17                                       text17       000000
__Htext18                                       text18       000000
__Htext19                                       text19       000000
__Htext2                                        text2        000000
__Htext20                                       text20       000000
__Htext21                                       text21       000000
__Htext22                                       text22       000000
__Htext23                                       text23       000000
__Htext24                                       text24       000000
__Htext25                                       text25       000000
__Htext3                                        text3        000000
__Htext4                                        text4        000000
__Htext5                                        text5        000000
__Htext6                                        text6        000000
__Htext7                                        text7        000000
__Htext8                                        text8        000000
__Htext9                                        text9        000000
__LRAM                                          (abs)        000001
__Labs1                                         abs1         000000
__Lbank0                                        bank0        000000
__Lbank1                                        bank1        000000
__Lbank10                                       bank10       000000
__Lbank11                                       bank11       000000
__Lbank12                                       bank12       000000
__Lbank13                                       bank13       000000
__Lbank14                                       bank14       000000
__Lbank2                                        bank2        000000
__Lbank3                                        bank3        000000
__Lbank4                                        bank4        000000
__Lbank5                                        bank5        000000
__Lbank6                                        bank6        000000
__Lbank7                                        bank7        000000
__Lbank8                                        bank8        000000
__Lbank9                                        bank9        000000
__Lbigbss                                       bigbss       000000
__Lbigdata                                      bigdata      000000
__Lbigram                                       bigram       000000
__Lbss                                          bss          000000
__LbssCOMRAM                                    bssCOMRAM    000000
__Lcinit                                        cinit        000000
__Lclrtext                                      clrtext      000000
__Lcomram                                       comram       000000
__Lconfig                                       config       000000
__Lconst                                        const        000000
__LcstackCOMRAM                                 cstackCOMRAM 000000
__Ldata                                         data         000000
__Leeprom_data                                  eeprom_data  000000
__Lfarbss                                       farbss       000000
__Lfardata                                      fardata      000000
__Libigdata                                     ibigdata     000000
__Lidata                                        idata        000000
__Lidloc                                        idloc        000000
__Lifardata                                     ifardata     000000
__Linit                                         init         000000
__Lintcode                                      intcode      000000
__Lintcode_body                                 intcode_body 000000
__Lintcodelo                                    intcodelo    000000
__Lintentry                                     intentry     000000
__Lintret                                       intret       000000
__Lintsave_regs                                 intsave_regs 000000
__Lirdata                                       irdata       000000
__Lmediumconst                                  mediumconst  000000
__LnvCOMRAM                                     nvCOMRAM     000000
__LnvFARRAM                                     nvFARRAM     000000
__Lnvbit                                        nvbit        000000
__Lnvrram                                       nvrram       000000
__Lparam                                        rparam       000000
__Lpowerup                                      powerup      000000
__Lram                                          ram          000000
__Lramtop                                       ramtop       000F00
__Lrbit                                         rbit         000000
__Lrbss                                         rbss         000000
__Lrdata                                        rdata        000000
__Lreset_vec                                    reset_vec    000000
__Lrparam                                       rparam       000000
__Lsfr                                          sfr          000000
__Lsmallconst                                   smallconst   000000
__Lspace_0                                      (abs)        000000
__Lspace_1                                      (abs)        000000
__Lspace_2                                      (abs)        000000
__Lspace_4                                      (abs)        000000
__Lstack                                        stack        000000
__Lstruct                                       struct       000000
__Ltemp                                         temp         000000
__Ltext                                         text         000000
__Ltext0                                        text0        000000
__Ltext1                                        text1        000000
__Ltext10                                       text10       000000
__Ltext11                                       text11       000000
__Ltext12                                       text12       000000
__Ltext13                                       text13       000000
__Ltext14                                       text14       000000
__Ltext15                                       text15       000000
__Ltext16                                       text16       000000
__Ltext17                                       text17       000000
__Ltext18                                       text18       000000
__Ltext19                                       text19       000000
__Ltext2                                        text2        000000
__Ltext20                                       text20       000000
__Ltext21                                       text21       000000
__Ltext22                                       text22       000000
__Ltext23                                       text23       000000
__Ltext24                                       text24       000000
__Ltext25                                       text25       000000
__Ltext3                                        text3        000000
__Ltext4                                        text4        000000
__Ltext5                                        text5        000000
__Ltext6                                        text6        000000
__Ltext7                                        text7        000000
__Ltext8                                        text8        000000
__Ltext9                                        text9        000000
__S0                                            (abs)        010000
__S1                                            (abs)        00002E
__S2                                            (abs)        000000
__S4                                            (abs)        000000
__S5                                            (abs)        000000
___inthi_sp                                     stack        000000
___intlo_sp                                     stack        000000
___lwdiv                                        text23       00F528
___lwdiv@counter                                cstackCOMRAM 000007
___lwdiv@dividend                               cstackCOMRAM 000001
___lwdiv@divisor                                cstackCOMRAM 000003
___lwdiv@quotient                               cstackCOMRAM 000005
___lwmod                                        text22       00F4C4
___lwmod@counter                                cstackCOMRAM 000005
___lwmod@dividend                               cstackCOMRAM 000001
___lwmod@divisor                                cstackCOMRAM 000003
___param_bank                                   (abs)        000000
___rparam_used                                  (abs)        000001
___sp                                           stack        000000
___wmul                                         text15       00F310
___wmul@multiplicand                            cstackCOMRAM 000003
___wmul@multiplier                              cstackCOMRAM 000001
___wmul@product                                 cstackCOMRAM 000005
__accesstop                                     (abs)        000060
__activetblptr                                  (abs)        000002
__end_of_ADCC_GetConversionResult               text25       00F24C
__end_of_ADCC_Initialize                        text11       00F4C4
__end_of_ADCC_IsConversionDone                  text24       00F260
__end_of_Ds_Separar_Digito                      text21       00F700
__end_of_EUSART1_Initialize                     text7        00F432
__end_of_EUSART1_Read                           text13       00F38A
__end_of_EUSART1_SetErrorHandler                text10       00F224
__end_of_EUSART1_SetFramingErrorHandler         text9        00F22E
__end_of_EUSART1_SetOverrunErrorHandler         text8        00F238
__end_of_EUSART1_Write                          text20       00F2A4
__end_of_EUSART1_is_rx_ready                    text19       00F276
__end_of_EUSART1_is_tx_ready                    text18       00F360
__end_of_Inicializar_Maquinita                  text17       00F474
__end_of_Inicializar_Paquete                    text16       00F3F4
__end_of_OSCILLATOR_Initialize                  text6        00F2BC
__end_of_PIN_MANAGER_Initialize                 text5        00F61E
__end_of_PMD_Initialize                         text4        00F2F2
__end_of_Procese_Dato_Rebido                    text14       010000
__end_of_Procese_UART                           text12       00FBE2
__end_of_SYSTEM_Initialize                      text2        00F2D6
__end_of_TMR6_HasOverflowOccured                text1        00F3B6
__end_of_TMR6_Initialize                        text3        00F310
__end_of___lwdiv                                text23       00F59C
__end_of___lwmod                                text22       00F528
__end_of___wmul                                 text15       00F336
__end_of__initialization                        cinit        00F282
__end_of_main                                   text0        00F880
__initialization                                cinit        00F276
__mediumconst                                   mediumconst  000000
__pbssCOMRAM                                    bssCOMRAM    000019
__pcinit                                        cinit        00F276
__pcstackCOMRAM                                 cstackCOMRAM 000001
__pnvCOMRAM                                     nvCOMRAM     000028
__ptext0                                        text0        00F700
__ptext1                                        text1        00F38A
__ptext10                                       text10       00F21A
__ptext11                                       text11       00F474
__ptext12                                       text12       00F880
__ptext13                                       text13       00F360
__ptext14                                       text14       00FBE2
__ptext15                                       text15       00F310
__ptext16                                       text16       00F3B6
__ptext17                                       text17       00F432
__ptext18                                       text18       00F336
__ptext19                                       text19       00F260
__ptext2                                        text2        00F2BC
__ptext20                                       text20       00F28C
__ptext21                                       text21       00F61E
__ptext22                                       text22       00F4C4
__ptext23                                       text23       00F528
__ptext24                                       text24       00F24C
__ptext25                                       text25       00F238
__ptext3                                        text3        00F2F2
__ptext4                                        text4        00F2D6
__ptext5                                        text5        00F59C
__ptext6                                        text6        00F2A4
__ptext7                                        text7        00F3F4
__ptext8                                        text8        00F22E
__ptext9                                        text9        00F224
__ramtop                                        ramtop       000F00
__size_of_ADCC_GetConversionResult              (abs)        000000
__size_of_ADCC_Initialize                       (abs)        000000
__size_of_ADCC_IsConversionDone                 (abs)        000000
__size_of_Ds_Separar_Digito                     (abs)        000000
__size_of_EUSART1_Initialize                    (abs)        000000
__size_of_EUSART1_Read                          (abs)        000000
__size_of_EUSART1_SetErrorHandler               (abs)        000000
__size_of_EUSART1_SetFramingErrorHandler        (abs)        000000
__size_of_EUSART1_SetOverrunErrorHandler        (abs)        000000
__size_of_EUSART1_Write                         (abs)        000000
__size_of_EUSART1_is_rx_ready                   (abs)        000000
__size_of_EUSART1_is_tx_ready                   (abs)        000000
__size_of_Inicializar_Maquinita                 (abs)        000000
__size_of_Inicializar_Paquete                   (abs)        000000
__size_of_OSCILLATOR_Initialize                 (abs)        000000
__size_of_PIN_MANAGER_Initialize                (abs)        000000
__size_of_PMD_Initialize                        (abs)        000000
__size_of_Procese_Dato_Rebido                   (abs)        000000
__size_of_Procese_UART                          (abs)        000000
__size_of_SYSTEM_Initialize                     (abs)        000000
__size_of_TMR6_HasOverflowOccured               (abs)        000000
__size_of_TMR6_Initialize                       (abs)        000000
__size_of___lwdiv                               (abs)        000000
__size_of___lwmod                               (abs)        000000
__size_of___wmul                                (abs)        000000
__size_of_main                                  (abs)        000000
__smallconst                                    smallconst   000000
_conteo                                         bssCOMRAM    000024
_eusart1RxLastError                             bssCOMRAM    000027
_main                                           text0        00F700
_recibido                                       bssCOMRAM    000022
_recibidoo                                      bssCOMRAM    000020
end_of_initialization                           cinit        00F282
intlevel0                                       text         000000
intlevel1                                       text         000000
intlevel2                                       text         000000
intlevel3                                       text         000000
main@ADC_Value                                  cstackCOMRAM 00000D
main@My_Maquinita                               cstackCOMRAM 000014
main@My_Paquete_Salida                          cstackCOMRAM 000010
main@enviar                                     cstackCOMRAM 00000F
stackhi                                         (abs)        000E87
stacklo                                         (abs)        000060
start                                           init         000000
start_initialization                            cinit        00F276


FUNCTION INFORMATION:

 *************** function _main *****************
 Defined at:
		line 185 in file "main.c"
 Parameters:    Size  Location     Type
		None
 Auto vars:     Size  Location     Type
  My_Maquinita    5   19[COMRAM] struct Maquinita
  My_Paquete_S    4   15[COMRAM] struct Paquete_Salida
  ADC_Value       2   12[COMRAM] unsigned short 
  enviar          1   14[COMRAM] unsigned char 
 Return value:  Size  Location     Type
                  1    wreg      void 
 Registers used:
		wreg, fsr1l, fsr1h, fsr2l, fsr2h, status,2, status,0, prodl, prodh, cstack
 Tracked objects:
		On entry : 
		On exit  : 
		Unchanged: 
 Data sizes:     COMRAM   BANK0   BANK1   BANK2   BANK3   BANK4   BANK5   BANK6   BANK7   BANK8   BANK9  BANK10  BANK11  BANK12  BANK13  BANK14
      Params:         0       0       0       0       0       0       0       0       0       0       0       0       0       0       0       0
      Locals:        12       0       0       0       0       0       0       0       0       0       0       0       0       0       0       0
      Temps:          1       0       0       0       0       0       0       0       0       0       0       0       0       0       0       0
      Totals:        13       0       0       0       0       0       0       0       0       0       0       0       0       0       0       0
Total ram usage:       13 bytes
 Hardware stack levels required when called:    3
 This function calls:
		_ADCC_GetConversionResult
		_ADCC_Initialize
		_ADCC_IsConversionDone
		_Ds_Separar_Digito
		_EUSART1_Write
		_EUSART1_is_rx_ready
		_EUSART1_is_tx_ready
		_Inicializar_Maquinita
		_Inicializar_Paquete
		_Procese_Dato_Rebido
		_Procese_UART
		_SYSTEM_Initialize
		_TMR6_HasOverflowOccured
 This function is called by:
		Startup code after reset
 This function uses a non-reentrant model


 *************** function _TMR6_HasOverflowOccured *****************
 Defined at:
		line 157 in file "mcc_generated_files/tmr6.c"
 Parameters:    Size  Location     Type
		None
 Auto vars:     Size  Location     Type
  status          1    0[COMRAM] _Bool 
 Return value:  Size  Location     Type
                  1    wreg      _Bool 
 Registers used:
		wreg, status,2
 Tracked objects:
		On entry : 
		On exit  : 
		Unchanged: 
 Data sizes:     COMRAM   BANK0   BANK1   BANK2   BANK3   BANK4   BANK5   BANK6   BANK7   BANK8   BANK9  BANK10  BANK11  BANK12  BANK13  BANK14
      Params:         0       0       0       0       0       0       0       0       0       0       0       0       0       0       0       0
      Locals:         1       0       0       0       0       0       0       0       0       0       0       0       0       0       0       0
      Temps:          0       0       0       0       0       0       0       0       0       0       0       0       0       0       0       0
      Totals:         1       0       0       0       0       0       0       0       0       0       0       0       0       0       0       0
Total ram usage:        1 bytes
 Hardware stack levels used:    1
 This function calls:
		Nothing
 This function is called by:
		_main
 This function uses a non-reentrant model


 *************** function _SYSTEM_Initialize *****************
 Defined at:
		line 50 in file "mcc_generated_files/mcc.c"
 Parameters:    Size  Location     Type
		None
 Auto vars:     Size  Location     Type
		None
 Return value:  Size  Location     Type
                  1    wreg      void 
 Registers used:
		wreg, status,2, status,0, cstack
 Tracked objects:
		On entry : 
		On exit  : 
		Unchanged: 
 Data sizes:     COMRAM   BANK0   BANK1   BANK2   BANK3   BANK4   BANK5   BANK6   BANK7   BANK8   BANK9  BANK10  BANK11  BANK12  BANK13  BANK14
      Params:         0       0       0       0       0       0       0       0       0       0       0       0       0       0       0       0
      Locals:         0       0       0       0       0       0       0       0       0       0       0       0       0       0       0       0
      Temps:          0       0       0       0       0       0       0       0       0       0       0       0       0       0       0       0
      Totals:         0       0       0       0       0       0       0       0       0       0       0       0       0       0       0       0
Total ram usage:        0 bytes
 Hardware stack levels used:    1
 Hardware stack levels required when called:    2
 This function calls:
		_ADCC_Initialize
		_EUSART1_Initialize
		_OSCILLATOR_Initialize
		_PIN_MANAGER_Initialize
		_PMD_Initialize
		_TMR6_Initialize
 This function is called by:
		_main
 This function uses a non-reentrant model


 *************** function _TMR6_Initialize *****************
 Defined at:
		line 62 in file "mcc_generated_files/tmr6.c"
 Parameters:    Size  Location     Type
		None
 Auto vars:     Size  Location     Type
		None
 Return value:  Size  Location     Type
                  1    wreg      void 
 Registers used:
		wreg, status,2
 Tracked objects:
		On entry : 
		On exit  : 
		Unchanged: 
 Data sizes:     COMRAM   BANK0   BANK1   BANK2   BANK3   BANK4   BANK5   BANK6   BANK7   BANK8   BANK9  BANK10  BANK11  BANK12  BANK13  BANK14
      Params:         0       0       0       0       0       0       0       0       0       0       0       0       0       0       0       0
      Locals:         0       0       0       0       0       0       0       0       0       0       0       0       0       0       0       0
      Temps:          0       0       0       0       0       0       0       0       0       0       0       0       0       0       0       0
      Totals:         0       0       0       0       0       0       0       0       0       0       0       0       0       0       0       0
Total ram usage:        0 bytes
 Hardware stack levels used:    1
 This function calls:
		Nothing
 This function is called by:
		_SYSTEM_Initialize
 This function uses a non-reentrant model


 *************** function _PMD_Initialize *****************
 Defined at:
		line 74 in file "mcc_generated_files/mcc.c"
 Parameters:    Size  Location     Type
		None
 Auto vars:     Size  Location     Type
		None
 Return value:  Size  Location     Type
                  1    wreg      void 
 Registers used:
		wreg, status,2
 Tracked objects:
		On entry : 
		On exit  : 
		Unchanged: 
 Data sizes:     COMRAM   BANK0   BANK1   BANK2   BANK3   BANK4   BANK5   BANK6   BANK7   BANK8   BANK9  BANK10  BANK11  BANK12  BANK13  BANK14
      Params:         0       0       0       0       0       0       0       0       0       0       0       0       0       0       0       0
      Locals:         0       0       0       0       0       0       0       0       0       0       0       0       0       0       0       0
      Temps:          0       0       0       0       0       0       0       0       0       0       0       0       0       0       0       0
      Totals:         0       0       0       0       0       0       0       0       0       0       0       0       0       0       0       0
Total ram usage:        0 bytes
 Hardware stack levels used:    1
 This function calls:
		Nothing
 This function is called by:
		_SYSTEM_Initialize
 This function uses a non-reentrant model


 *************** function _PIN_MANAGER_Initialize *****************
 Defined at:
		line 55 in file "mcc_generated_files/pin_manager.c"
 Parameters:    Size  Location     Type
		None
 Auto vars:     Size  Location     Type
		None
 Return value:  Size  Location     Type
                  1    wreg      void 
 Registers used:
		wreg, status,2
 Tracked objects:
		On entry : 
		On exit  : 
		Unchanged: 
 Data sizes:     COMRAM   BANK0   BANK1   BANK2   BANK3   BANK4   BANK5   BANK6   BANK7   BANK8   BANK9  BANK10  BANK11  BANK12  BANK13  BANK14
      Params:         0       0       0       0       0       0       0       0       0       0       0       0       0       0       0       0
      Locals:         0       0       0       0       0       0       0       0       0       0       0       0       0       0       0       0
      Temps:          0       0       0       0       0       0       0       0       0       0       0       0       0       0       0       0
      Totals:         0       0       0       0       0       0       0       0       0       0       0       0       0       0       0       0
Total ram usage:        0 bytes
 Hardware stack levels used:    1
 This function calls:
		Nothing
 This function is called by:
		_SYSTEM_Initialize
 This function uses a non-reentrant model


 *************** function _OSCILLATOR_Initialize *****************
 Defined at:
		line 60 in file "mcc_generated_files/mcc.c"
 Parameters:    Size  Location     Type
		None
 Auto vars:     Size  Location     Type
		None
 Return value:  Size  Location     Type
                  1    wreg      void 
 Registers used:
		wreg, status,2
 Tracked objects:
		On entry : 
		On exit  : 
		Unchanged: 
 Data sizes:     COMRAM   BANK0   BANK1   BANK2   BANK3   BANK4   BANK5   BANK6   BANK7   BANK8   BANK9  BANK10  BANK11  BANK12  BANK13  BANK14
      Params:         0       0       0       0       0       0       0       0       0       0       0       0       0       0       0       0
      Locals:         0       0       0       0       0       0       0       0       0       0       0       0       0       0       0       0
      Temps:          0       0       0       0       0       0       0       0       0       0       0       0       0       0       0       0
      Totals:         0       0       0       0       0       0       0       0       0       0       0       0       0       0       0       0
Total ram usage:        0 bytes
 Hardware stack levels used:    1
 This function calls:
		Nothing
 This function is called by:
		_SYSTEM_Initialize
 This function uses a non-reentrant model


 *************** function _EUSART1_Initialize *****************
 Defined at:
		line 66 in file "mcc_generated_files/eusart1.c"
 Parameters:    Size  Location     Type
		None
 Auto vars:     Size  Location     Type
		None
 Return value:  Size  Location     Type
                  1    wreg      void 
 Registers used:
		wreg, status,2, status,0, cstack
 Tracked objects:
		On entry : 
		On exit  : 
		Unchanged: 
 Data sizes:     COMRAM   BANK0   BANK1   BANK2   BANK3   BANK4   BANK5   BANK6   BANK7   BANK8   BANK9  BANK10  BANK11  BANK12  BANK13  BANK14
      Params:         0       0       0       0       0       0       0       0       0       0       0       0       0       0       0       0
      Locals:         0       0       0       0       0       0       0       0       0       0       0       0       0       0       0       0
      Temps:          0       0       0       0       0       0       0       0       0       0       0       0       0       0       0       0
      Totals:         0       0       0       0       0       0       0       0       0       0       0       0       0       0       0       0
Total ram usage:        0 bytes
 Hardware stack levels used:    1
 Hardware stack levels required when called:    1
 This function calls:
		_EUSART1_SetErrorHandler
		_EUSART1_SetFramingErrorHandler
		_EUSART1_SetOverrunErrorHandler
 This function is called by:
		_SYSTEM_Initialize
 This function uses a non-reentrant model


 *************** function _EUSART1_SetOverrunErrorHandler *****************
 Defined at:
		line 161 in file "mcc_generated_files/eusart1.c"
 Parameters:    Size  Location     Type
  interruptHan    2    0[COMRAM] PTR FTN()void 
		 -> EUSART1_DefaultOverrunErrorHandler(1), 
 Auto vars:     Size  Location     Type
		None
 Return value:  Size  Location     Type
                  1    wreg      void 
 Registers used:
		wreg, status,2, status,0
 Tracked objects:
		On entry : 
		On exit  : 
		Unchanged: 
 Data sizes:     COMRAM   BANK0   BANK1   BANK2   BANK3   BANK4   BANK5   BANK6   BANK7   BANK8   BANK9  BANK10  BANK11  BANK12  BANK13  BANK14
      Params:         2       0       0       0       0       0       0       0       0       0       0       0       0       0       0       0
      Locals:         0       0       0       0       0       0       0       0       0       0       0       0       0       0       0       0
      Temps:          0       0       0       0       0       0       0       0       0       0       0       0       0       0       0       0
      Totals:         2       0       0       0       0       0       0       0       0       0       0       0       0       0       0       0
Total ram usage:        2 bytes
 Hardware stack levels used:    1
 This function calls:
		Nothing
 This function is called by:
		_EUSART1_Initialize
 This function uses a non-reentrant model


 *************** function _EUSART1_SetFramingErrorHandler *****************
 Defined at:
		line 157 in file "mcc_generated_files/eusart1.c"
 Parameters:    Size  Location     Type
  interruptHan    2    0[COMRAM] PTR FTN()void 
		 -> EUSART1_DefaultFramingErrorHandler(1), 
 Auto vars:     Size  Location     Type
		None
 Return value:  Size  Location     Type
                  1    wreg      void 
 Registers used:
		wreg, status,2, status,0
 Tracked objects:
		On entry : 
		On exit  : 
		Unchanged: 
 Data sizes:     COMRAM   BANK0   BANK1   BANK2   BANK3   BANK4   BANK5   BANK6   BANK7   BANK8   BANK9  BANK10  BANK11  BANK12  BANK13  BANK14
      Params:         2       0       0       0       0       0       0       0       0       0       0       0       0       0       0       0
      Locals:         0       0       0       0       0       0       0       0       0       0       0       0       0       0       0       0
      Temps:          0       0       0       0       0       0       0       0       0       0       0       0       0       0       0       0
      Totals:         2       0       0       0       0       0       0       0       0       0       0       0       0       0       0       0
Total ram usage:        2 bytes
 Hardware stack levels used:    1
 This function calls:
		Nothing
 This function is called by:
		_EUSART1_Initialize
 This function uses a non-reentrant model


 *************** function _EUSART1_SetErrorHandler *****************
 Defined at:
		line 165 in file "mcc_generated_files/eusart1.c"
 Parameters:    Size  Location     Type
  interruptHan    2    0[COMRAM] PTR FTN()void 
		 -> EUSART1_DefaultErrorHandler(1), 
 Auto vars:     Size  Location     Type
		None
 Return value:  Size  Location     Type
                  1    wreg      void 
 Registers used:
		wreg, status,2, status,0
 Tracked objects:
		On entry : 
		On exit  : 
		Unchanged: 
 Data sizes:     COMRAM   BANK0   BANK1   BANK2   BANK3   BANK4   BANK5   BANK6   BANK7   BANK8   BANK9  BANK10  BANK11  BANK12  BANK13  BANK14
      Params:         2       0       0       0       0       0       0       0       0       0       0       0       0       0       0       0
      Locals:         0       0       0       0       0       0       0       0       0       0       0       0       0       0       0       0
      Temps:          0       0       0       0       0       0       0       0       0       0       0       0       0       0       0       0
      Totals:         2       0       0       0       0       0       0       0       0       0       0       0       0       0       0       0
Total ram usage:        2 bytes
 Hardware stack levels used:    1
 This function calls:
		Nothing
 This function is called by:
		_EUSART1_Initialize
 This function uses a non-reentrant model


 *************** function _ADCC_Initialize *****************
 Defined at:
		line 62 in file "mcc_generated_files/adcc.c"
 Parameters:    Size  Location     Type
		None
 Auto vars:     Size  Location     Type
		None
 Return value:  Size  Location     Type
                  1    wreg      void 
 Registers used:
		wreg, status,2
 Tracked objects:
		On entry : 
		On exit  : 
		Unchanged: 
 Data sizes:     COMRAM   BANK0   BANK1   BANK2   BANK3   BANK4   BANK5   BANK6   BANK7   BANK8   BANK9  BANK10  BANK11  BANK12  BANK13  BANK14
      Params:         0       0       0       0       0       0       0       0       0       0       0       0       0       0       0       0
      Locals:         0       0       0       0       0       0       0       0       0       0       0       0       0       0       0       0
      Temps:          0       0       0       0       0       0       0       0       0       0       0       0       0       0       0       0
      Totals:         0       0       0       0       0       0       0       0       0       0       0       0       0       0       0       0
Total ram usage:        0 bytes
 Hardware stack levels used:    1
 This function calls:
		Nothing
 This function is called by:
		_SYSTEM_Initialize
		_main
 This function uses a non-reentrant model


 *************** function _Procese_UART *****************
 Defined at:
		line 41 in file "main.c"
 Parameters:    Size  Location     Type
  mqnt            2    0[COMRAM] PTR struct Maquinita
		 -> main@My_Maquinita(5), 
 Auto vars:     Size  Location     Type
		None
 Return value:  Size  Location     Type
                  1    wreg      void 
 Registers used:
		wreg, fsr1l, fsr1h, fsr2l, fsr2h, status,2, status,0, cstack
 Tracked objects:
		On entry : 
		On exit  : 
		Unchanged: 
 Data sizes:     COMRAM   BANK0   BANK1   BANK2   BANK3   BANK4   BANK5   BANK6   BANK7   BANK8   BANK9  BANK10  BANK11  BANK12  BANK13  BANK14
      Params:         2       0       0       0       0       0       0       0       0       0       0       0       0       0       0       0
      Locals:         0       0       0       0       0       0       0       0       0       0       0       0       0       0       0       0
      Temps:          4       0       0       0       0       0       0       0       0       0       0       0       0       0       0       0
      Totals:         6       0       0       0       0       0       0       0       0       0       0       0       0       0       0       0
Total ram usage:        6 bytes
 Hardware stack levels used:    1
 Hardware stack levels required when called:    1
 This function calls:
		_EUSART1_Read
 This function is called by:
		_main
 This function uses a non-reentrant model


 *************** function _EUSART1_Read *****************
 Defined at:
		line 113 in file "mcc_generated_files/eusart1.c"
 Parameters:    Size  Location     Type
		None
 Auto vars:     Size  Location     Type
		None
 Return value:  Size  Location     Type
                  1    wreg      unsigned char 
 Registers used:
		wreg, status,2
 Tracked objects:
		On entry : 
		On exit  : 
		Unchanged: 
 Data sizes:     COMRAM   BANK0   BANK1   BANK2   BANK3   BANK4   BANK5   BANK6   BANK7   BANK8   BANK9  BANK10  BANK11  BANK12  BANK13  BANK14
      Params:         0       0       0       0       0       0       0       0       0       0       0       0       0       0       0       0
      Locals:         0       0       0       0       0       0       0       0       0       0       0       0       0       0       0       0
      Temps:          0       0       0       0       0       0       0       0       0       0       0       0       0       0       0       0
      Totals:         0       0       0       0       0       0       0       0       0       0       0       0       0       0       0       0
Total ram usage:        0 bytes
 Hardware stack levels used:    1
 This function calls:
		Nothing
 This function is called by:
		_Procese_UART
 This function uses a non-reentrant model


 *************** function _Procese_Dato_Rebido *****************
 Defined at:
		line 99 in file "main.c"
 Parameters:    Size  Location     Type
		None
 Auto vars:     Size  Location     Type
		None
 Return value:  Size  Location     Type
                  1    wreg      void 
 Registers used:
		wreg, status,2, status,0, prodl, prodh, cstack
 Tracked objects:
		On entry : 
		On exit  : 
		Unchanged: 
 Data sizes:     COMRAM   BANK0   BANK1   BANK2   BANK3   BANK4   BANK5   BANK6   BANK7   BANK8   BANK9  BANK10  BANK11  BANK12  BANK13  BANK14
      Params:         0       0       0       0       0       0       0       0       0       0       0       0       0       0       0       0
      Locals:         0       0       0       0       0       0       0       0       0       0       0       0       0       0       0       0
      Temps:          3       0       0       0       0       0       0       0       0       0       0       0       0       0       0       0
      Totals:         3       0       0       0       0       0       0       0       0       0       0       0       0       0       0       0
Total ram usage:        3 bytes
 Hardware stack levels used:    1
 Hardware stack levels required when called:    1
 This function calls:
		___lwdiv
		___wmul
 This function is called by:
		_main
 This function uses a non-reentrant model


 *************** function ___wmul *****************
 Defined at:
		line 15 in file "C:\Program Files\Microchip\xc8\v2.31\pic\sources\c99\common\Umul16.c"
 Parameters:    Size  Location     Type
  multiplier      2    0[COMRAM] unsigned int 
  multiplicand    2    2[COMRAM] unsigned int 
 Auto vars:     Size  Location     Type
  product         2    4[COMRAM] unsigned int 
 Return value:  Size  Location     Type
                  2    0[COMRAM] unsigned int 
 Registers used:
		wreg, status,2, status,0, prodl, prodh
 Tracked objects:
		On entry : 
		On exit  : 
		Unchanged: 
 Data sizes:     COMRAM   BANK0   BANK1   BANK2   BANK3   BANK4   BANK5   BANK6   BANK7   BANK8   BANK9  BANK10  BANK11  BANK12  BANK13  BANK14
      Params:         4       0       0       0       0       0       0       0       0       0       0       0       0       0       0       0
      Locals:         2       0       0       0       0       0       0       0       0       0       0       0       0       0       0       0
      Temps:          0       0       0       0       0       0       0       0       0       0       0       0       0       0       0       0
      Totals:         6       0       0       0       0       0       0       0       0       0       0       0       0       0       0       0
Total ram usage:        6 bytes
 Hardware stack levels used:    1
 This function calls:
		Nothing
 This function is called by:
		_Procese_Dato_Rebido
 This function uses a non-reentrant model


 *************** function _Inicializar_Paquete *****************
 Defined at:
		line 34 in file "main.c"
 Parameters:    Size  Location     Type
  mqnt            2    0[COMRAM] PTR struct Paquete_Salid
		 -> main@My_Paquete_Salida(4), 
 Auto vars:     Size  Location     Type
		None
 Return value:  Size  Location     Type
                  1    wreg      void 
 Registers used:
		wreg, fsr2l, fsr2h, status,2, status,0
 Tracked objects:
		On entry : 
		On exit  : 
		Unchanged: 
 Data sizes:     COMRAM   BANK0   BANK1   BANK2   BANK3   BANK4   BANK5   BANK6   BANK7   BANK8   BANK9  BANK10  BANK11  BANK12  BANK13  BANK14
      Params:         2       0       0       0       0       0       0       0       0       0       0       0       0       0       0       0
      Locals:         0       0       0       0       0       0       0       0       0       0       0       0       0       0       0       0
      Temps:          0       0       0       0       0       0       0       0       0       0       0       0       0       0       0       0
      Totals:         2       0       0       0       0       0       0       0       0       0       0       0       0       0       0       0
Total ram usage:        2 bytes
 Hardware stack levels used:    1
 This function calls:
		Nothing
 This function is called by:
		_main
 This function uses a non-reentrant model


 *************** function _Inicializar_Maquinita *****************
 Defined at:
		line 22 in file "main.c"
 Parameters:    Size  Location     Type
  mqnt            2    0[COMRAM] PTR struct Maquinita
		 -> main@My_Maquinita(5), 
 Auto vars:     Size  Location     Type
		None
 Return value:  Size  Location     Type
                  1    wreg      void 
 Registers used:
		wreg, fsr2l, fsr2h, status,2, status,0
 Tracked objects:
		On entry : 
		On exit  : 
		Unchanged: 
 Data sizes:     COMRAM   BANK0   BANK1   BANK2   BANK3   BANK4   BANK5   BANK6   BANK7   BANK8   BANK9  BANK10  BANK11  BANK12  BANK13  BANK14
      Params:         2       0       0       0       0       0       0       0       0       0       0       0       0       0       0       0
      Locals:         0       0       0       0       0       0       0       0       0       0       0       0       0       0       0       0
      Temps:          0       0       0       0       0       0       0       0       0       0       0       0       0       0       0       0
      Totals:         2       0       0       0       0       0       0       0       0       0       0       0       0       0       0       0
Total ram usage:        2 bytes
 Hardware stack levels used:    1
 This function calls:
		Nothing
 This function is called by:
		_main
 This function uses a non-reentrant model


 *************** function _EUSART1_is_tx_ready *****************
 Defined at:
		line 94 in file "mcc_generated_files/eusart1.c"
 Parameters:    Size  Location     Type
		None
 Auto vars:     Size  Location     Type
		None
 Return value:  Size  Location     Type
                  1    wreg      _Bool 
 Registers used:
		wreg, status,2
 Tracked objects:
		On entry : 
		On exit  : 
		Unchanged: 
 Data sizes:     COMRAM   BANK0   BANK1   BANK2   BANK3   BANK4   BANK5   BANK6   BANK7   BANK8   BANK9  BANK10  BANK11  BANK12  BANK13  BANK14
      Params:         0       0       0       0       0       0       0       0       0       0       0       0       0       0       0       0
      Locals:         1       0       0       0       0       0       0       0       0       0       0       0       0       0       0       0
      Temps:          0       0       0       0       0       0       0       0       0       0       0       0       0       0       0       0
      Totals:         1       0       0       0       0       0       0       0       0       0       0       0       0       0       0       0
Total ram usage:        1 bytes
 Hardware stack levels used:    1
 This function calls:
		Nothing
 This function is called by:
		_main
 This function uses a non-reentrant model


 *************** function _EUSART1_is_rx_ready *****************
 Defined at:
		line 99 in file "mcc_generated_files/eusart1.c"
 Parameters:    Size  Location     Type
		None
 Auto vars:     Size  Location     Type
		None
 Return value:  Size  Location     Type
                  1    wreg      _Bool 
 Registers used:
		wreg
 Tracked objects:
		On entry : 
		On exit  : 
		Unchanged: 
 Data sizes:     COMRAM   BANK0   BANK1   BANK2   BANK3   BANK4   BANK5   BANK6   BANK7   BANK8   BANK9  BANK10  BANK11  BANK12  BANK13  BANK14
      Params:         0       0       0       0       0       0       0       0       0       0       0       0       0       0       0       0
      Locals:         0       0       0       0       0       0       0       0       0       0       0       0       0       0       0       0
      Temps:          0       0       0       0       0       0       0       0       0       0       0       0       0       0       0       0
      Totals:         0       0       0       0       0       0       0       0       0       0       0       0       0       0       0       0
Total ram usage:        0 bytes
 Hardware stack levels used:    1
 This function calls:
		Nothing
 This function is called by:
		_main
 This function uses a non-reentrant model


 *************** function _EUSART1_Write *****************
 Defined at:
		line 132 in file "mcc_generated_files/eusart1.c"
 Parameters:    Size  Location     Type
  txData          1    wreg     unsigned char 
 Auto vars:     Size  Location     Type
  txData          1    0[COMRAM] unsigned char 
 Return value:  Size  Location     Type
                  1    wreg      void 
 Registers used:
		wreg
 Tracked objects:
		On entry : 
		On exit  : 
		Unchanged: 
 Data sizes:     COMRAM   BANK0   BANK1   BANK2   BANK3   BANK4   BANK5   BANK6   BANK7   BANK8   BANK9  BANK10  BANK11  BANK12  BANK13  BANK14
      Params:         0       0       0       0       0       0       0       0       0       0       0       0       0       0       0       0
      Locals:         1       0       0       0       0       0       0       0       0       0       0       0       0       0       0       0
      Temps:          0       0       0       0       0       0       0       0       0       0       0       0       0       0       0       0
      Totals:         1       0       0       0       0       0       0       0       0       0       0       0       0       0       0       0
Total ram usage:        1 bytes
 Hardware stack levels used:    1
 This function calls:
		Nothing
 This function is called by:
		_main
 This function uses a non-reentrant model


 *************** function _Ds_Separar_Digito *****************
 Defined at:
		line 171 in file "main.c"
 Parameters:    Size  Location     Type
  dsp             2    7[COMRAM] PTR struct Paquete_Salid
		 -> main@My_Paquete_Salida(4), 
  datto           2    9[COMRAM] unsigned short 
 Auto vars:     Size  Location     Type
		None
 Return value:  Size  Location     Type
                  1    wreg      void 
 Registers used:
		wreg, fsr2l, fsr2h, status,2, status,0, cstack
 Tracked objects:
		On entry : 
		On exit  : 
		Unchanged: 
 Data sizes:     COMRAM   BANK0   BANK1   BANK2   BANK3   BANK4   BANK5   BANK6   BANK7   BANK8   BANK9  BANK10  BANK11  BANK12  BANK13  BANK14
      Params:         4       0       0       0       0       0       0       0       0       0       0       0       0       0       0       0
      Locals:         0       0       0       0       0       0       0       0       0       0       0       0       0       0       0       0
      Temps:          0       0       0       0       0       0       0       0       0       0       0       0       0       0       0       0
      Totals:         4       0       0       0       0       0       0       0       0       0       0       0       0       0       0       0
Total ram usage:        4 bytes
 Hardware stack levels used:    1
 Hardware stack levels required when called:    1
 This function calls:
		___lwdiv
		___lwmod
 This function is called by:
		_main
 This function uses a non-reentrant model


 *************** function ___lwmod *****************
 Defined at:
		line 7 in file "C:\Program Files\Microchip\xc8\v2.31\pic\sources\c99\common\lwmod.c"
 Parameters:    Size  Location     Type
  dividend        2    0[COMRAM] unsigned int 
  divisor         2    2[COMRAM] unsigned int 
 Auto vars:     Size  Location     Type
  counter         1    4[COMRAM] unsigned char 
 Return value:  Size  Location     Type
                  2    0[COMRAM] unsigned int 
 Registers used:
		wreg, status,2, status,0
 Tracked objects:
		On entry : 
		On exit  : 
		Unchanged: 
 Data sizes:     COMRAM   BANK0   BANK1   BANK2   BANK3   BANK4   BANK5   BANK6   BANK7   BANK8   BANK9  BANK10  BANK11  BANK12  BANK13  BANK14
      Params:         4       0       0       0       0       0       0       0       0       0       0       0       0       0       0       0
      Locals:         1       0       0       0       0       0       0       0       0       0       0       0       0       0       0       0
      Temps:          0       0       0       0       0       0       0       0       0       0       0       0       0       0       0       0
      Totals:         5       0       0       0       0       0       0       0       0       0       0       0       0       0       0       0
Total ram usage:        5 bytes
 Hardware stack levels used:    1
 This function calls:
		Nothing
 This function is called by:
		_Ds_Separar_Digito
 This function uses a non-reentrant model


 *************** function ___lwdiv *****************
 Defined at:
		line 7 in file "C:\Program Files\Microchip\xc8\v2.31\pic\sources\c99\common\lwdiv.c"
 Parameters:    Size  Location     Type
  dividend        2    0[COMRAM] unsigned int 
  divisor         2    2[COMRAM] unsigned int 
 Auto vars:     Size  Location     Type
  quotient        2    4[COMRAM] unsigned int 
  counter         1    6[COMRAM] unsigned char 
 Return value:  Size  Location     Type
                  2    0[COMRAM] unsigned int 
 Registers used:
		wreg, status,2, status,0
 Tracked objects:
		On entry : 
		On exit  : 
		Unchanged: 
 Data sizes:     COMRAM   BANK0   BANK1   BANK2   BANK3   BANK4   BANK5   BANK6   BANK7   BANK8   BANK9  BANK10  BANK11  BANK12  BANK13  BANK14
      Params:         4       0       0       0       0       0       0       0       0       0       0       0       0       0       0       0
      Locals:         3       0       0       0       0       0       0       0       0       0       0       0       0       0       0       0
      Temps:          0       0       0       0       0       0       0       0       0       0       0       0       0       0       0       0
      Totals:         7       0       0       0       0       0       0       0       0       0       0       0       0       0       0       0
Total ram usage:        7 bytes
 Hardware stack levels used:    1
 This function calls:
		Nothing
 This function is called by:
		_Procese_Dato_Rebido
		_Ds_Separar_Digito
 This function uses a non-reentrant model


 *************** function _ADCC_IsConversionDone *****************
 Defined at:
		line 119 in file "mcc_generated_files/adcc.c"
 Parameters:    Size  Location     Type
		None
 Auto vars:     Size  Location     Type
		None
 Return value:  Size  Location     Type
                  1    wreg      _Bool 
 Registers used:
		wreg
 Tracked objects:
		On entry : 
		On exit  : 
		Unchanged: 
 Data sizes:     COMRAM   BANK0   BANK1   BANK2   BANK3   BANK4   BANK5   BANK6   BANK7   BANK8   BANK9  BANK10  BANK11  BANK12  BANK13  BANK14
      Params:         0       0       0       0       0       0       0       0       0       0       0       0       0       0       0       0
      Locals:         0       0       0       0       0       0       0       0       0       0       0       0       0       0       0       0
      Temps:          0       0       0       0       0       0       0       0       0       0       0       0       0       0       0       0
      Totals:         0       0       0       0       0       0       0       0       0       0       0       0       0       0       0       0
Total ram usage:        0 bytes
 Hardware stack levels used:    1
 This function calls:
		Nothing
 This function is called by:
		_main
 This function uses a non-reentrant model


 *************** function _ADCC_GetConversionResult *****************
 Defined at:
		line 125 in file "mcc_generated_files/adcc.c"
 Parameters:    Size  Location     Type
		None
 Auto vars:     Size  Location     Type
		None
 Return value:  Size  Location     Type
                  2    0[COMRAM] unsigned short 
 Registers used:
		wreg, status,2, status,0
 Tracked objects:
		On entry : 
		On exit  : 
		Unchanged: 
 Data sizes:     COMRAM   BANK0   BANK1   BANK2   BANK3   BANK4   BANK5   BANK6   BANK7   BANK8   BANK9  BANK10  BANK11  BANK12  BANK13  BANK14
      Params:         2       0       0       0       0       0       0       0       0       0       0       0       0       0       0       0
      Locals:         0       0       0       0       0       0       0       0       0       0       0       0       0       0       0       0
      Temps:          2       0       0       0       0       0       0       0       0       0       0       0       0       0       0       0
      Totals:         4       0       0       0       0       0       0       0       0       0       0       0       0       0       0       0
Total ram usage:        4 bytes
 Hardware stack levels used:    1
 This function calls:
		Nothing
 This function is called by:
		_main
 This function uses a non-reentrant model



MODULE INFORMATION

Module		Function		Class		Link	Load	Size
mcc_generated_files/tmr6.c
		_TMR6_HasOverflowOccured		CODE           	F38A	0000	44
		_TMR6_Initialize		CODE           	F2F2	0000	30

mcc_generated_files/tmr6.c estimated size: 74

mcc_generated_files/pin_manager.c
		_PIN_MANAGER_Initialize		CODE           	F59C	0000	130

mcc_generated_files/pin_manager.c estimated size: 130

C:\Program Files\Microchip\xc8\v2.31\pic\sources\c99\common\lwmod.c
		___lwmod       		CODE           	F4C4	0000	100

C:\Program Files\Microchip\xc8\v2.31\pic\sources\c99\common\lwmod.c estimated size: 100

shared
		__initialization		CODE           	F276	0000	12

shared estimated size: 12

mcc_generated_files/eusart1.c
		_EUSART1_is_rx_ready		CODE           	F260	0000	22
		_EUSART1_is_tx_ready		CODE           	F336	0000	42
		_EUSART1_Initialize		CODE           	F3F4	0000	62
		_EUSART1_SetFramingErrorHandler		CODE           	F224	0000	10
		_EUSART1_Read  		CODE           	F360	0000	42
		_EUSART1_SetOverrunErrorHandler		CODE           	F22E	0000	10
		_EUSART1_SetErrorHandler		CODE           	F21A	0000	10
		_EUSART1_Write 		CODE           	F28C	0000	24

mcc_generated_files/eusart1.c estimated size: 222

mcc_generated_files/mcc.c
		_PMD_Initialize		CODE           	F2D6	0000	28
		_OSCILLATOR_Initialize		CODE           	F2A4	0000	24
		_SYSTEM_Initialize		CODE           	F2BC	0000	26

mcc_generated_files/mcc.c estimated size: 78

C:\Program Files\Microchip\xc8\v2.31\pic\sources\c99\common\lwdiv.c
		___lwdiv       		CODE           	F528	0000	116

C:\Program Files\Microchip\xc8\v2.31\pic\sources\c99\common\lwdiv.c estimated size: 116

C:\Program Files\Microchip\xc8\v2.31\pic\sources\c99\common\Umul16.c
		___wmul        		CODE           	F310	0000	38

C:\Program Files\Microchip\xc8\v2.31\pic\sources\c99\common\Umul16.c estimated size: 38

mcc_generated_files/adcc.c
		_ADCC_GetConversionResult		CODE           	F238	0000	20
		_ADCC_Initialize		CODE           	F474	0000	80
		_ADCC_IsConversionDone		CODE           	F24C	0000	20

mcc_generated_files/adcc.c estimated size: 120

main.c
		_Inicializar_Paquete		CODE           	F3B6	0000	62
		_Procese_UART  		CODE           	F880	0000	866
		_Procese_Dato_Rebido		CODE           	FBE2	0000	1054
		_main          		CODE           	F700	0000	384
		_Ds_Separar_Digito		CODE           	F61E	0000	226
		_Inicializar_Maquinita		CODE           	F432	0000	66

main.c estimated size: 2658

